test	Set up job	ï»¿2025-12-13T13:04:00.4665385Z Current runner version: '2.329.0'
test	Set up job	2025-12-13T13:04:00.4690772Z ##[group]Runner Image Provisioner
test	Set up job	2025-12-13T13:04:00.4691614Z Hosted Compute Agent
test	Set up job	2025-12-13T13:04:00.4692284Z Version: 20251202.455
test	Set up job	2025-12-13T13:04:00.4692933Z Commit: 6c10caca4910e198df60de23adf20ad317c474e3
test	Set up job	2025-12-13T13:04:00.4693613Z Build Date: 2025-12-02T15:56:59Z
test	Set up job	2025-12-13T13:04:00.4694364Z Worker ID: {013161d5-0492-4a67-8992-97c209d2144e}
test	Set up job	2025-12-13T13:04:00.4695444Z ##[endgroup]
test	Set up job	2025-12-13T13:04:00.4696046Z ##[group]Operating System
test	Set up job	2025-12-13T13:04:00.4696706Z Ubuntu
test	Set up job	2025-12-13T13:04:00.4697146Z 24.04.3
test	Set up job	2025-12-13T13:04:00.4697608Z LTS
test	Set up job	2025-12-13T13:04:00.4698124Z ##[endgroup]
test	Set up job	2025-12-13T13:04:00.4698685Z ##[group]Runner Image
test	Set up job	2025-12-13T13:04:00.4699267Z Image: ubuntu-24.04
test	Set up job	2025-12-13T13:04:00.4699847Z Version: 20251208.163.1
test	Set up job	2025-12-13T13:04:00.4700915Z Included Software: https://github.com/actions/runner-images/blob/ubuntu24/20251208.163/images/ubuntu/Ubuntu2404-Readme.md
test	Set up job	2025-12-13T13:04:00.4702323Z Image Release: https://github.com/actions/runner-images/releases/tag/ubuntu24%2F20251208.163
test	Set up job	2025-12-13T13:04:00.4703556Z ##[endgroup]
test	Set up job	2025-12-13T13:04:00.4706434Z ##[group]GITHUB_TOKEN Permissions
test	Set up job	2025-12-13T13:04:00.4708680Z Actions: write
test	Set up job	2025-12-13T13:04:00.4709288Z ArtifactMetadata: write
test	Set up job	2025-12-13T13:04:00.4709951Z Attestations: write
test	Set up job	2025-12-13T13:04:00.4710563Z Checks: write
test	Set up job	2025-12-13T13:04:00.4711090Z Contents: write
test	Set up job	2025-12-13T13:04:00.4711663Z Deployments: write
test	Set up job	2025-12-13T13:04:00.4712252Z Discussions: write
test	Set up job	2025-12-13T13:04:00.4712751Z Issues: write
test	Set up job	2025-12-13T13:04:00.4713319Z Metadata: read
test	Set up job	2025-12-13T13:04:00.4713837Z Models: read
test	Set up job	2025-12-13T13:04:00.4714322Z Packages: write
test	Set up job	2025-12-13T13:04:00.4714898Z Pages: write
test	Set up job	2025-12-13T13:04:00.4715612Z PullRequests: write
test	Set up job	2025-12-13T13:04:00.4716276Z RepositoryProjects: write
test	Set up job	2025-12-13T13:04:00.4716945Z SecurityEvents: write
test	Set up job	2025-12-13T13:04:00.4717492Z Statuses: write
test	Set up job	2025-12-13T13:04:00.4718013Z ##[endgroup]
test	Set up job	2025-12-13T13:04:00.4720175Z Secret source: Actions
test	Set up job	2025-12-13T13:04:00.4720950Z Prepare workflow directory
test	Set up job	2025-12-13T13:04:00.5248665Z Prepare all required actions
test	Set up job	2025-12-13T13:04:00.5288281Z Getting action download info
test	Set up job	2025-12-13T13:04:00.9420210Z Download action repository 'actions/checkout@v4' (SHA:34e114876b0b11c390a56381ad16ebd13914f8d5)
test	Set up job	2025-12-13T13:04:01.0688990Z Download action repository 'actions/setup-node@v4' (SHA:49933ea5288caeca8642d1e84afbd3f7d6820020)
test	Set up job	2025-12-13T13:04:01.2478919Z Complete job name: test
test	Run actions/checkout@v4	ï»¿2025-12-13T13:04:01.3161608Z ##[group]Run actions/checkout@v4
test	Run actions/checkout@v4	2025-12-13T13:04:01.3162553Z with:
test	Run actions/checkout@v4	2025-12-13T13:04:01.3163041Z   repository: MarcoBischero/zoneCalculator
test	Run actions/checkout@v4	2025-12-13T13:04:01.3163874Z   token: ***
test	Run actions/checkout@v4	2025-12-13T13:04:01.3164302Z   ssh-strict: true
test	Run actions/checkout@v4	2025-12-13T13:04:01.3164745Z   ssh-user: git
test	Run actions/checkout@v4	2025-12-13T13:04:01.3165364Z   persist-credentials: true
test	Run actions/checkout@v4	2025-12-13T13:04:01.3165865Z   clean: true
test	Run actions/checkout@v4	2025-12-13T13:04:01.3166312Z   sparse-checkout-cone-mode: true
test	Run actions/checkout@v4	2025-12-13T13:04:01.3166839Z   fetch-depth: 1
test	Run actions/checkout@v4	2025-12-13T13:04:01.3167278Z   fetch-tags: false
test	Run actions/checkout@v4	2025-12-13T13:04:01.3167751Z   show-progress: true
test	Run actions/checkout@v4	2025-12-13T13:04:01.3168221Z   lfs: false
test	Run actions/checkout@v4	2025-12-13T13:04:01.3168636Z   submodules: false
test	Run actions/checkout@v4	2025-12-13T13:04:01.3169199Z   set-safe-directory: true
test	Run actions/checkout@v4	2025-12-13T13:04:01.3170045Z env:
test	Run actions/checkout@v4	2025-12-13T13:04:01.3170572Z   PROJECT_ID: ***
test	Run actions/checkout@v4	2025-12-13T13:04:01.3171050Z   REGION: europe-west1
test	Run actions/checkout@v4	2025-12-13T13:04:01.3171550Z   SERVICE_NAME: zone-calculator-pro
test	Run actions/checkout@v4	2025-12-13T13:04:01.3172120Z   REPO_NAME: zone-calculator-repo
test	Run actions/checkout@v4	2025-12-13T13:04:01.3172647Z ##[endgroup]
test	Run actions/checkout@v4	2025-12-13T13:04:01.4364821Z Syncing repository: MarcoBischero/zoneCalculator
test	Run actions/checkout@v4	2025-12-13T13:04:01.4367386Z ##[group]Getting Git version info
test	Run actions/checkout@v4	2025-12-13T13:04:01.4368297Z Working directory is '/home/runner/work/zoneCalculator/zoneCalculator'
test	Run actions/checkout@v4	2025-12-13T13:04:01.4369444Z [command]/usr/bin/git version
test	Run actions/checkout@v4	2025-12-13T13:04:01.4481816Z git version 2.52.0
test	Run actions/checkout@v4	2025-12-13T13:04:01.4511423Z ##[endgroup]
test	Run actions/checkout@v4	2025-12-13T13:04:01.4537957Z Temporarily overriding HOME='/home/runner/work/_temp/1cbe158b-bef7-4805-a230-d5dde89dc045' before making global git config changes
test	Run actions/checkout@v4	2025-12-13T13:04:01.4539960Z Adding repository directory to the temporary git global config as a safe directory
test	Run actions/checkout@v4	2025-12-13T13:04:01.4544012Z [command]/usr/bin/git config --global --add safe.directory /home/runner/work/zoneCalculator/zoneCalculator
test	Run actions/checkout@v4	2025-12-13T13:04:01.4592219Z Deleting the contents of '/home/runner/work/zoneCalculator/zoneCalculator'
test	Run actions/checkout@v4	2025-12-13T13:04:01.4597673Z ##[group]Initializing the repository
test	Run actions/checkout@v4	2025-12-13T13:04:01.4603356Z [command]/usr/bin/git init /home/runner/work/zoneCalculator/zoneCalculator
test	Run actions/checkout@v4	2025-12-13T13:04:01.4738234Z hint: Using 'master' as the name for the initial branch. This default branch name
test	Run actions/checkout@v4	2025-12-13T13:04:01.4739977Z hint: will change to "main" in Git 3.0. To configure the initial branch name
test	Run actions/checkout@v4	2025-12-13T13:04:01.4741354Z hint: to use in all of your new repositories, which will suppress this warning,
test	Run actions/checkout@v4	2025-12-13T13:04:01.4742491Z hint: call:
test	Run actions/checkout@v4	2025-12-13T13:04:01.4742923Z hint:
test	Run actions/checkout@v4	2025-12-13T13:04:01.4743489Z hint: 	git config --global init.defaultBranch <name>
test	Run actions/checkout@v4	2025-12-13T13:04:01.4744206Z hint:
test	Run actions/checkout@v4	2025-12-13T13:04:01.4744825Z hint: Names commonly chosen instead of 'master' are 'main', 'trunk' and
test	Run actions/checkout@v4	2025-12-13T13:04:01.4745999Z hint: 'development'. The just-created branch can be renamed via this command:
test	Run actions/checkout@v4	2025-12-13T13:04:01.4746802Z hint:
test	Run actions/checkout@v4	2025-12-13T13:04:01.4747237Z hint: 	git branch -m <name>
test	Run actions/checkout@v4	2025-12-13T13:04:01.4747747Z hint:
test	Run actions/checkout@v4	2025-12-13T13:04:01.4748540Z hint: Disable this message with "git config set advice.defaultBranchName false"
test	Run actions/checkout@v4	2025-12-13T13:04:01.4749850Z Initialized empty Git repository in /home/runner/work/zoneCalculator/zoneCalculator/.git/
test	Run actions/checkout@v4	2025-12-13T13:04:01.4756622Z [command]/usr/bin/git remote add origin https://github.com/MarcoBischero/zoneCalculator
test	Run actions/checkout@v4	2025-12-13T13:04:01.4807195Z ##[endgroup]
test	Run actions/checkout@v4	2025-12-13T13:04:01.4808725Z ##[group]Disabling automatic garbage collection
test	Run actions/checkout@v4	2025-12-13T13:04:01.4812716Z [command]/usr/bin/git config --local gc.auto 0
test	Run actions/checkout@v4	2025-12-13T13:04:01.4851459Z ##[endgroup]
test	Run actions/checkout@v4	2025-12-13T13:04:01.4852781Z ##[group]Setting up auth
test	Run actions/checkout@v4	2025-12-13T13:04:01.4860630Z [command]/usr/bin/git config --local --name-only --get-regexp core\.sshCommand
test	Run actions/checkout@v4	2025-12-13T13:04:01.4900404Z [command]/usr/bin/git submodule foreach --recursive sh -c "git config --local --name-only --get-regexp 'core\.sshCommand' && git config --local --unset-all 'core.sshCommand' || :"
test	Run actions/checkout@v4	2025-12-13T13:04:01.5328262Z [command]/usr/bin/git config --local --name-only --get-regexp http\.https\:\/\/github\.com\/\.extraheader
test	Run actions/checkout@v4	2025-12-13T13:04:01.5369266Z [command]/usr/bin/git submodule foreach --recursive sh -c "git config --local --name-only --get-regexp 'http\.https\:\/\/github\.com\/\.extraheader' && git config --local --unset-all 'http.https://github.com/.extraheader' || :"
test	Run actions/checkout@v4	2025-12-13T13:04:01.5649641Z [command]/usr/bin/git config --local --name-only --get-regexp ^includeIf\.gitdir:
test	Run actions/checkout@v4	2025-12-13T13:04:01.5699424Z [command]/usr/bin/git submodule foreach --recursive git config --local --show-origin --name-only --get-regexp remote.origin.url
test	Run actions/checkout@v4	2025-12-13T13:04:01.5981860Z [command]/usr/bin/git config --local http.https://github.com/.extraheader AUTHORIZATION: basic ***
test	Run actions/checkout@v4	2025-12-13T13:04:01.6020964Z ##[endgroup]
test	Run actions/checkout@v4	2025-12-13T13:04:01.6029969Z ##[group]Fetching the repository
test	Run actions/checkout@v4	2025-12-13T13:04:01.6032287Z [command]/usr/bin/git -c protocol.version=2 fetch --no-tags --prune --no-recurse-submodules --depth=1 origin +bb2e77c5d6541ae59b9bd7b4154567a4627de817:refs/remotes/origin/main
test	Run actions/checkout@v4	2025-12-13T13:04:02.0679142Z From https://github.com/MarcoBischero/zoneCalculator
test	Run actions/checkout@v4	2025-12-13T13:04:02.0680944Z  * [new ref]         bb2e77c5d6541ae59b9bd7b4154567a4627de817 -> origin/main
test	Run actions/checkout@v4	2025-12-13T13:04:02.0716214Z ##[endgroup]
test	Run actions/checkout@v4	2025-12-13T13:04:02.0717030Z ##[group]Determining the checkout info
test	Run actions/checkout@v4	2025-12-13T13:04:02.0718396Z ##[endgroup]
test	Run actions/checkout@v4	2025-12-13T13:04:02.0723541Z [command]/usr/bin/git sparse-checkout disable
test	Run actions/checkout@v4	2025-12-13T13:04:02.0770643Z [command]/usr/bin/git config --local --unset-all extensions.worktreeConfig
test	Run actions/checkout@v4	2025-12-13T13:04:02.0800379Z ##[group]Checking out the ref
test	Run actions/checkout@v4	2025-12-13T13:04:02.0804413Z [command]/usr/bin/git checkout --progress --force -B main refs/remotes/origin/main
test	Run actions/checkout@v4	2025-12-13T13:04:02.0991981Z Switched to a new branch 'main'
test	Run actions/checkout@v4	2025-12-13T13:04:02.0993523Z branch 'main' set up to track 'origin/main'.
test	Run actions/checkout@v4	2025-12-13T13:04:02.1001845Z ##[endgroup]
test	Run actions/checkout@v4	2025-12-13T13:04:02.1045977Z [command]/usr/bin/git log -1 --format=%H
test	Run actions/checkout@v4	2025-12-13T13:04:02.1071667Z bb2e77c5d6541ae59b9bd7b4154567a4627de817
test	Setup Node.js	ï»¿2025-12-13T13:04:02.1319510Z ##[group]Run actions/setup-node@v4
test	Setup Node.js	2025-12-13T13:04:02.1320133Z with:
test	Setup Node.js	2025-12-13T13:04:02.1320521Z   node-version: 20
test	Setup Node.js	2025-12-13T13:04:02.1320942Z   cache: npm
test	Setup Node.js	2025-12-13T13:04:02.1321346Z   always-auth: false
test	Setup Node.js	2025-12-13T13:04:02.1321782Z   check-latest: false
test	Setup Node.js	2025-12-13T13:04:02.1322393Z   token: ***
test	Setup Node.js	2025-12-13T13:04:02.1322793Z env:
test	Setup Node.js	2025-12-13T13:04:02.1323225Z   PROJECT_ID: ***
test	Setup Node.js	2025-12-13T13:04:02.1323647Z   REGION: europe-west1
test	Setup Node.js	2025-12-13T13:04:02.1324128Z   SERVICE_NAME: zone-calculator-pro
test	Setup Node.js	2025-12-13T13:04:02.1324689Z   REPO_NAME: zone-calculator-repo
test	Setup Node.js	2025-12-13T13:04:02.1325453Z ##[endgroup]
test	Setup Node.js	2025-12-13T13:04:02.3169402Z Found in cache @ /opt/hostedtoolcache/node/20.19.6/x64
test	Setup Node.js	2025-12-13T13:04:02.3177737Z ##[group]Environment details
test	Setup Node.js	2025-12-13T13:04:04.7279323Z node: v20.19.6
test	Setup Node.js	2025-12-13T13:04:04.7280031Z npm: 10.8.2
test	Setup Node.js	2025-12-13T13:04:04.7280325Z yarn: 1.22.22
test	Setup Node.js	2025-12-13T13:04:04.7281283Z ##[endgroup]
test	Setup Node.js	2025-12-13T13:04:04.7302458Z [command]/opt/hostedtoolcache/node/20.19.6/x64/bin/npm config get cache
test	Setup Node.js	2025-12-13T13:04:05.0287676Z /home/runner/.npm
test	Setup Node.js	2025-12-13T13:04:05.3701285Z Cache hit for: node-cache-Linux-x64-npm-4229c26d601d936da1586d7ef85d22cb31630987bdd718dd47aff7af36dfe144
test	Setup Node.js	2025-12-13T13:04:06.6741147Z Received 4194304 of 184464839 (2.3%), 4.0 MBs/sec
test	Setup Node.js	2025-12-13T13:04:07.6760703Z Received 113246208 of 184464839 (61.4%), 53.9 MBs/sec
test	Setup Node.js	2025-12-13T13:04:08.6768516Z Received 180270535 of 184464839 (97.7%), 57.2 MBs/sec
test	Setup Node.js	2025-12-13T13:04:09.0421526Z Received 184464839 of 184464839 (100.0%), 52.2 MBs/sec
test	Setup Node.js	2025-12-13T13:04:09.0422618Z Cache Size: ~176 MB (184464839 B)
test	Setup Node.js	2025-12-13T13:04:09.0564472Z [command]/usr/bin/tar -xf /home/runner/work/_temp/b1dd50f1-0d44-44da-8e96-7e83ea0a7855/cache.tzst -P -C /home/runner/work/zoneCalculator/zoneCalculator --use-compress-program unzstd
test	Setup Node.js	2025-12-13T13:04:09.3942843Z Cache restored successfully
test	Setup Node.js	2025-12-13T13:04:09.4294936Z Cache restored from key: node-cache-Linux-x64-npm-4229c26d601d936da1586d7ef85d22cb31630987bdd718dd47aff7af36dfe144
test	Install Dependencies	ï»¿2025-12-13T13:04:09.4442789Z ##[group]Run npm ci --legacy-peer-deps
test	Install Dependencies	2025-12-13T13:04:09.4443206Z [36;1mnpm ci --legacy-peer-deps[0m
test	Install Dependencies	2025-12-13T13:04:09.4489381Z shell: /usr/bin/bash -e {0}
test	Install Dependencies	2025-12-13T13:04:09.4489670Z env:
test	Install Dependencies	2025-12-13T13:04:09.4490117Z   PROJECT_ID: ***
test	Install Dependencies	2025-12-13T13:04:09.4490339Z   REGION: europe-west1
test	Install Dependencies	2025-12-13T13:04:09.4490570Z   SERVICE_NAME: zone-calculator-pro
test	Install Dependencies	2025-12-13T13:04:09.4490833Z   REPO_NAME: zone-calculator-repo
test	Install Dependencies	2025-12-13T13:04:09.4491074Z ##[endgroup]
test	Install Dependencies	2025-12-13T13:04:15.4250903Z npm warn deprecated inflight@1.0.6: This module is not supported, and leaks memory. Do not use it. Check out lru-cache if you want a good and tested way to coalesce async requests by a key value, which is much more comprehensive and powerful.
test	Install Dependencies	2025-12-13T13:04:15.4604764Z npm warn deprecated npmlog@5.0.1: This package is no longer supported.
test	Install Dependencies	2025-12-13T13:04:15.5518224Z npm warn deprecated @humanwhocodes/config-array@0.13.0: Use @eslint/config-array instead
test	Install Dependencies	2025-12-13T13:04:15.5636644Z npm warn deprecated rimraf@3.0.2: Rimraf versions prior to v4 are no longer supported
test	Install Dependencies	2025-12-13T13:04:15.6412973Z npm warn deprecated are-we-there-yet@2.0.0: This package is no longer supported.
test	Install Dependencies	2025-12-13T13:04:15.6693001Z npm warn deprecated @humanwhocodes/object-schema@2.0.3: Use @eslint/object-schema instead
test	Install Dependencies	2025-12-13T13:04:15.6715680Z npm warn deprecated glob@7.2.3: Glob versions prior to v9 are no longer supported
test	Install Dependencies	2025-12-13T13:04:15.8454657Z npm warn deprecated gauge@3.0.2: This package is no longer supported.
test	Install Dependencies	2025-12-13T13:04:17.8567858Z npm warn deprecated eslint@8.57.1: This version is no longer supported. Please see https://eslint.org/version-support for other options.
test	Install Dependencies	2025-12-13T13:04:23.8400338Z 
test	Install Dependencies	2025-12-13T13:04:23.8401354Z > zone-calculator-v2@0.1.0 postinstall
test	Install Dependencies	2025-12-13T13:04:23.8402311Z > prisma generate
test	Install Dependencies	2025-12-13T13:04:23.8402576Z 
test	Install Dependencies	2025-12-13T13:04:24.2765583Z Prisma schema loaded from prisma/schema.prisma
test	Install Dependencies	2025-12-13T13:04:24.7718869Z 
test	Install Dependencies	2025-12-13T13:04:24.7720903Z âœ” Generated Prisma Client (v5.22.0) to ./node_modules/@prisma/client in 192ms
test	Install Dependencies	2025-12-13T13:04:24.7725712Z 
test	Install Dependencies	2025-12-13T13:04:24.7726510Z Start by importing your Prisma Client (See: https://pris.ly/d/importing-client)
test	Install Dependencies	2025-12-13T13:04:24.7727269Z 
test	Install Dependencies	2025-12-13T13:04:24.7728411Z Tip: Curious about the SQL queries Prisma ORM generates? Optimize helps you enhance your visibility: https://pris.ly/tip-2-optimize
test	Install Dependencies	2025-12-13T13:04:24.7729360Z 
test	Install Dependencies	2025-12-13T13:04:24.9828789Z 
test	Install Dependencies	2025-12-13T13:04:24.9830287Z added 637 packages, and audited 638 packages in 15s
test	Install Dependencies	2025-12-13T13:04:24.9830731Z 
test	Install Dependencies	2025-12-13T13:04:24.9831059Z 170 packages are looking for funding
test	Install Dependencies	2025-12-13T13:04:24.9831560Z   run `npm fund` for details
test	Install Dependencies	2025-12-13T13:04:24.9843275Z 
test	Install Dependencies	2025-12-13T13:04:24.9843823Z found 0 vulnerabilities
test	Install Playwright Browsers	ï»¿2025-12-13T13:04:25.0637836Z ##[group]Run npx playwright install --with-deps chromium
test	Install Playwright Browsers	2025-12-13T13:04:25.0638328Z [36;1mnpx playwright install --with-deps chromium[0m
test	Install Playwright Browsers	2025-12-13T13:04:25.0675883Z shell: /usr/bin/bash -e {0}
test	Install Playwright Browsers	2025-12-13T13:04:25.0676147Z env:
test	Install Playwright Browsers	2025-12-13T13:04:25.0676470Z   PROJECT_ID: ***
test	Install Playwright Browsers	2025-12-13T13:04:25.0676672Z   REGION: europe-west1
test	Install Playwright Browsers	2025-12-13T13:04:25.0676899Z   SERVICE_NAME: zone-calculator-pro
test	Install Playwright Browsers	2025-12-13T13:04:25.0677178Z   REPO_NAME: zone-calculator-repo
test	Install Playwright Browsers	2025-12-13T13:04:25.0677422Z ##[endgroup]
test	Install Playwright Browsers	2025-12-13T13:04:26.0039267Z Installing dependencies...
test	Install Playwright Browsers	2025-12-13T13:04:26.0106852Z Switching to root user to install dependencies...
test	Install Playwright Browsers	2025-12-13T13:04:26.1037531Z Get:1 file:/etc/apt/apt-mirrors.txt Mirrorlist [144 B]
test	Install Playwright Browsers	2025-12-13T13:04:26.1424884Z Hit:2 http://azure.archive.ubuntu.com/ubuntu noble InRelease
test	Install Playwright Browsers	2025-12-13T13:04:26.1429051Z Get:6 https://packages.microsoft.com/repos/azure-cli noble InRelease [3564 B]
test	Install Playwright Browsers	2025-12-13T13:04:26.1447797Z Get:3 http://azure.archive.ubuntu.com/ubuntu noble-updates InRelease [126 kB]
test	Install Playwright Browsers	2025-12-13T13:04:26.1466033Z Get:7 https://packages.microsoft.com/ubuntu/24.04/prod noble InRelease [3600 B]
test	Install Playwright Browsers	2025-12-13T13:04:26.1479213Z Get:4 http://azure.archive.ubuntu.com/ubuntu noble-backports InRelease [126 kB]
test	Install Playwright Browsers	2025-12-13T13:04:26.1521733Z Get:5 http://azure.archive.ubuntu.com/ubuntu noble-security InRelease [126 kB]
test	Install Playwright Browsers	2025-12-13T13:04:26.2823134Z Get:8 https://packages.microsoft.com/repos/azure-cli noble/main amd64 Packages [1884 B]
test	Install Playwright Browsers	2025-12-13T13:04:26.3274605Z Get:9 https://packages.microsoft.com/ubuntu/24.04/prod noble/main armhf Packages [11.4 kB]
test	Install Playwright Browsers	2025-12-13T13:04:26.3317163Z Get:10 https://packages.microsoft.com/ubuntu/24.04/prod noble/main arm64 Packages [56.9 kB]
test	Install Playwright Browsers	2025-12-13T13:04:26.3382581Z Get:11 https://packages.microsoft.com/ubuntu/24.04/prod noble/main amd64 Packages [75.5 kB]
test	Install Playwright Browsers	2025-12-13T13:04:26.3830871Z Get:12 http://azure.archive.ubuntu.com/ubuntu noble-updates/main amd64 Packages [1675 kB]
test	Install Playwright Browsers	2025-12-13T13:04:26.3975329Z Get:13 http://azure.archive.ubuntu.com/ubuntu noble-updates/main Translation-en [309 kB]
test	Install Playwright Browsers	2025-12-13T13:04:26.3989253Z Get:14 http://azure.archive.ubuntu.com/ubuntu noble-updates/main amd64 Components [175 kB]
test	Install Playwright Browsers	2025-12-13T13:04:26.4015346Z Get:15 http://azure.archive.ubuntu.com/ubuntu noble-updates/main amd64 c-n-f Metadata [15.8 kB]
test	Install Playwright Browsers	2025-12-13T13:04:26.4024931Z Get:16 http://azure.archive.ubuntu.com/ubuntu noble-updates/universe amd64 Packages [1501 kB]
test	Install Playwright Browsers	2025-12-13T13:04:26.4121981Z Get:17 http://azure.archive.ubuntu.com/ubuntu noble-updates/universe Translation-en [304 kB]
test	Install Playwright Browsers	2025-12-13T13:04:26.4150187Z Get:18 http://azure.archive.ubuntu.com/ubuntu noble-updates/universe amd64 Components [378 kB]
test	Install Playwright Browsers	2025-12-13T13:04:26.4181568Z Get:19 http://azure.archive.ubuntu.com/ubuntu noble-updates/universe amd64 c-n-f Metadata [31.4 kB]
test	Install Playwright Browsers	2025-12-13T13:04:26.4197057Z Get:20 http://azure.archive.ubuntu.com/ubuntu noble-updates/restricted amd64 Packages [2404 kB]
test	Install Playwright Browsers	2025-12-13T13:04:26.4346961Z Get:21 http://azure.archive.ubuntu.com/ubuntu noble-updates/restricted Translation-en [549 kB]
test	Install Playwright Browsers	2025-12-13T13:04:26.4805979Z Get:22 http://azure.archive.ubuntu.com/ubuntu noble-updates/restricted amd64 Components [212 B]
test	Install Playwright Browsers	2025-12-13T13:04:26.4818552Z Get:23 http://azure.archive.ubuntu.com/ubuntu noble-updates/multiverse amd64 Components [940 B]
test	Install Playwright Browsers	2025-12-13T13:04:26.4831182Z Get:24 http://azure.archive.ubuntu.com/ubuntu noble-backports/main amd64 Components [7128 B]
test	Install Playwright Browsers	2025-12-13T13:04:26.4840951Z Get:25 http://azure.archive.ubuntu.com/ubuntu noble-backports/universe amd64 Components [11.0 kB]
test	Install Playwright Browsers	2025-12-13T13:04:26.4853878Z Get:26 http://azure.archive.ubuntu.com/ubuntu noble-backports/restricted amd64 Components [216 B]
test	Install Playwright Browsers	2025-12-13T13:04:26.4866595Z Get:27 http://azure.archive.ubuntu.com/ubuntu noble-backports/multiverse amd64 Components [212 B]
test	Install Playwright Browsers	2025-12-13T13:04:26.5063927Z Get:28 http://azure.archive.ubuntu.com/ubuntu noble-security/main amd64 Packages [1378 kB]
test	Install Playwright Browsers	2025-12-13T13:04:26.5132862Z Get:29 http://azure.archive.ubuntu.com/ubuntu noble-security/main Translation-en [224 kB]
test	Install Playwright Browsers	2025-12-13T13:04:26.5150149Z Get:30 http://azure.archive.ubuntu.com/ubuntu noble-security/main amd64 Components [21.5 kB]
test	Install Playwright Browsers	2025-12-13T13:04:26.5160505Z Get:31 http://azure.archive.ubuntu.com/ubuntu noble-security/main amd64 c-n-f Metadata [9488 B]
test	Install Playwright Browsers	2025-12-13T13:04:26.5170929Z Get:32 http://azure.archive.ubuntu.com/ubuntu noble-security/universe amd64 Packages [916 kB]
test	Install Playwright Browsers	2025-12-13T13:04:26.5218287Z Get:33 http://azure.archive.ubuntu.com/ubuntu noble-security/universe Translation-en [207 kB]
test	Install Playwright Browsers	2025-12-13T13:04:26.5237529Z Get:34 http://azure.archive.ubuntu.com/ubuntu noble-security/universe amd64 Components [71.4 kB]
test	Install Playwright Browsers	2025-12-13T13:04:26.5255916Z Get:35 http://azure.archive.ubuntu.com/ubuntu noble-security/universe amd64 c-n-f Metadata [19.4 kB]
test	Install Playwright Browsers	2025-12-13T13:04:26.5687984Z Get:36 http://azure.archive.ubuntu.com/ubuntu noble-security/restricted amd64 Packages [2266 kB]
test	Install Playwright Browsers	2025-12-13T13:04:26.5788223Z Get:37 http://azure.archive.ubuntu.com/ubuntu noble-security/restricted Translation-en [518 kB]
test	Install Playwright Browsers	2025-12-13T13:04:26.5822422Z Get:38 http://azure.archive.ubuntu.com/ubuntu noble-security/restricted amd64 Components [212 B]
test	Install Playwright Browsers	2025-12-13T13:04:26.5832350Z Get:39 http://azure.archive.ubuntu.com/ubuntu noble-security/multiverse amd64 Components [212 B]
test	Install Playwright Browsers	2025-12-13T13:04:36.1171067Z Fetched 13.5 MB in 2s (8186 kB/s)
test	Install Playwright Browsers	2025-12-13T13:04:37.0976430Z Reading package lists...
test	Install Playwright Browsers	2025-12-13T13:04:37.1263127Z Reading package lists...
test	Install Playwright Browsers	2025-12-13T13:04:37.4118990Z Building dependency tree...
test	Install Playwright Browsers	2025-12-13T13:04:37.4127389Z Reading state information...
test	Install Playwright Browsers	2025-12-13T13:04:37.7563337Z libasound2t64 is already the newest version (1.2.11-1ubuntu0.1).
test	Install Playwright Browsers	2025-12-13T13:04:37.7564352Z libasound2t64 set to manually installed.
test	Install Playwright Browsers	2025-12-13T13:04:37.7565977Z libatk-bridge2.0-0t64 is already the newest version (2.52.0-1build1).
test	Install Playwright Browsers	2025-12-13T13:04:37.7566890Z libatk-bridge2.0-0t64 set to manually installed.
test	Install Playwright Browsers	2025-12-13T13:04:37.7567609Z libatk1.0-0t64 is already the newest version (2.52.0-1build1).
test	Install Playwright Browsers	2025-12-13T13:04:37.7568244Z libatk1.0-0t64 set to manually installed.
test	Install Playwright Browsers	2025-12-13T13:04:37.7569059Z libatspi2.0-0t64 is already the newest version (2.52.0-1build1).
test	Install Playwright Browsers	2025-12-13T13:04:37.7570021Z libatspi2.0-0t64 set to manually installed.
test	Install Playwright Browsers	2025-12-13T13:04:37.7570776Z libcairo2 is already the newest version (1.18.0-3build1).
test	Install Playwright Browsers	2025-12-13T13:04:37.7571551Z libcairo2 set to manually installed.
test	Install Playwright Browsers	2025-12-13T13:04:37.7572586Z libcups2t64 is already the newest version (2.4.7-1.2ubuntu7.9).
test	Install Playwright Browsers	2025-12-13T13:04:37.7573591Z libcups2t64 set to manually installed.
test	Install Playwright Browsers	2025-12-13T13:04:37.7574603Z libdbus-1-3 is already the newest version (1.14.10-4ubuntu4.1).
test	Install Playwright Browsers	2025-12-13T13:04:37.7575799Z libdbus-1-3 set to manually installed.
test	Install Playwright Browsers	2025-12-13T13:04:37.7576803Z libdrm2 is already the newest version (2.4.122-1~ubuntu0.24.04.2).
test	Install Playwright Browsers	2025-12-13T13:04:37.7577552Z libdrm2 set to manually installed.
test	Install Playwright Browsers	2025-12-13T13:04:37.7578242Z libgbm1 is already the newest version (25.0.7-0ubuntu0.24.04.2).
test	Install Playwright Browsers	2025-12-13T13:04:37.7578904Z libgbm1 set to manually installed.
test	Install Playwright Browsers	2025-12-13T13:04:37.7580032Z libnspr4 is already the newest version (2:4.35-1.1build1).
test	Install Playwright Browsers	2025-12-13T13:04:37.7580701Z libnspr4 set to manually installed.
test	Install Playwright Browsers	2025-12-13T13:04:37.7581350Z libnss3 is already the newest version (2:3.98-1build1).
test	Install Playwright Browsers	2025-12-13T13:04:37.7581941Z libnss3 set to manually installed.
test	Install Playwright Browsers	2025-12-13T13:04:37.7582612Z libpango-1.0-0 is already the newest version (1.52.1+ds-1build1).
test	Install Playwright Browsers	2025-12-13T13:04:37.7583297Z libpango-1.0-0 set to manually installed.
test	Install Playwright Browsers	2025-12-13T13:04:37.7583966Z libx11-6 is already the newest version (2:1.8.7-1build1).
test	Install Playwright Browsers	2025-12-13T13:04:37.7584574Z libx11-6 set to manually installed.
test	Install Playwright Browsers	2025-12-13T13:04:37.7585402Z libxcb1 is already the newest version (1.15-1ubuntu2).
test	Install Playwright Browsers	2025-12-13T13:04:37.7586045Z libxcb1 set to manually installed.
test	Install Playwright Browsers	2025-12-13T13:04:37.7586734Z libxcomposite1 is already the newest version (1:0.4.5-1build3).
test	Install Playwright Browsers	2025-12-13T13:04:37.7587435Z libxcomposite1 set to manually installed.
test	Install Playwright Browsers	2025-12-13T13:04:37.7588135Z libxdamage1 is already the newest version (1:1.1.6-1build1).
test	Install Playwright Browsers	2025-12-13T13:04:37.7588864Z libxdamage1 set to manually installed.
test	Install Playwright Browsers	2025-12-13T13:04:37.7589598Z libxext6 is already the newest version (2:1.3.4-1build2).
test	Install Playwright Browsers	2025-12-13T13:04:37.7590709Z libxext6 set to manually installed.
test	Install Playwright Browsers	2025-12-13T13:04:37.7591395Z libxfixes3 is already the newest version (1:6.0.0-2build1).
test	Install Playwright Browsers	2025-12-13T13:04:37.7592062Z libxfixes3 set to manually installed.
test	Install Playwright Browsers	2025-12-13T13:04:37.7593216Z libxkbcommon0 is already the newest version (1.6.0-1build1).
test	Install Playwright Browsers	2025-12-13T13:04:37.7593872Z libxkbcommon0 set to manually installed.
test	Install Playwright Browsers	2025-12-13T13:04:37.7594260Z libxrandr2 is already the newest version (2:1.5.2-2build1).
test	Install Playwright Browsers	2025-12-13T13:04:37.7594613Z libxrandr2 set to manually installed.
test	Install Playwright Browsers	2025-12-13T13:04:37.7594971Z xvfb is already the newest version (2:21.1.12-1ubuntu1.5).
test	Install Playwright Browsers	2025-12-13T13:04:37.7595807Z fonts-noto-color-emoji is already the newest version (2.047-0ubuntu0.24.04.1).
test	Install Playwright Browsers	2025-12-13T13:04:37.7596338Z libfontconfig1 is already the newest version (2.15.0-1.1ubuntu2).
test	Install Playwright Browsers	2025-12-13T13:04:37.7596937Z libfontconfig1 set to manually installed.
test	Install Playwright Browsers	2025-12-13T13:04:37.7597352Z libfreetype6 is already the newest version (2.13.2+dfsg-1build3).
test	Install Playwright Browsers	2025-12-13T13:04:37.7597737Z libfreetype6 set to manually installed.
test	Install Playwright Browsers	2025-12-13T13:04:37.7598119Z fonts-liberation is already the newest version (1:2.1.5-3).
test	Install Playwright Browsers	2025-12-13T13:04:37.7598503Z fonts-liberation set to manually installed.
test	Install Playwright Browsers	2025-12-13T13:04:37.7598871Z The following additional packages will be installed:
test	Install Playwright Browsers	2025-12-13T13:04:37.7599322Z   gir1.2-glib-2.0 libglib2.0-bin libglib2.0-data xfonts-encodings xfonts-utils
test	Install Playwright Browsers	2025-12-13T13:04:37.7599699Z Suggested packages:
test	Install Playwright Browsers	2025-12-13T13:04:37.7600011Z   low-memory-monitor
test	Install Playwright Browsers	2025-12-13T13:04:37.7600226Z Recommended packages:
test	Install Playwright Browsers	2025-12-13T13:04:37.7600474Z   fonts-ipafont-mincho fonts-tlwg-loma
test	Install Playwright Browsers	2025-12-13T13:04:37.7874760Z The following NEW packages will be installed:
test	Install Playwright Browsers	2025-12-13T13:04:37.7875799Z   fonts-freefont-ttf fonts-ipafont-gothic fonts-tlwg-loma-otf fonts-unifont
test	Install Playwright Browsers	2025-12-13T13:04:37.7887296Z   fonts-wqy-zenhei xfonts-cyrillic xfonts-encodings xfonts-scalable
test	Install Playwright Browsers	2025-12-13T13:04:37.7887812Z   xfonts-utils
test	Install Playwright Browsers	2025-12-13T13:04:37.7894048Z The following packages will be upgraded:
test	Install Playwright Browsers	2025-12-13T13:04:37.7903133Z   gir1.2-glib-2.0 libglib2.0-0t64 libglib2.0-bin libglib2.0-data
test	Install Playwright Browsers	2025-12-13T13:04:37.8117908Z 4 upgraded, 9 newly installed, 0 to remove and 50 not upgraded.
test	Install Playwright Browsers	2025-12-13T13:04:37.8118779Z Need to get 23.0 MB of archives.
test	Install Playwright Browsers	2025-12-13T13:04:37.8119750Z After this operation, 79.5 MB of additional disk space will be used.
test	Install Playwright Browsers	2025-12-13T13:04:37.8120727Z Get:1 file:/etc/apt/apt-mirrors.txt Mirrorlist [144 B]
test	Install Playwright Browsers	2025-12-13T13:04:37.9770270Z Get:2 http://azure.archive.ubuntu.com/ubuntu noble/universe amd64 fonts-ipafont-gothic all 00303-21ubuntu1 [3513 kB]
test	Install Playwright Browsers	2025-12-13T13:04:38.1135357Z Get:3 http://azure.archive.ubuntu.com/ubuntu noble-updates/main amd64 libglib2.0-data all 2.80.0-6ubuntu3.5 [48.8 kB]
test	Install Playwright Browsers	2025-12-13T13:04:38.1791083Z Get:4 http://azure.archive.ubuntu.com/ubuntu noble-updates/main amd64 libglib2.0-bin amd64 2.80.0-6ubuntu3.5 [97.9 kB]
test	Install Playwright Browsers	2025-12-13T13:04:38.2461980Z Get:5 http://azure.archive.ubuntu.com/ubuntu noble-updates/main amd64 gir1.2-glib-2.0 amd64 2.80.0-6ubuntu3.5 [183 kB]
test	Install Playwright Browsers	2025-12-13T13:04:38.3167561Z Get:6 http://azure.archive.ubuntu.com/ubuntu noble-updates/main amd64 libglib2.0-0t64 amd64 2.80.0-6ubuntu3.5 [1544 kB]
test	Install Playwright Browsers	2025-12-13T13:04:38.4092751Z Get:7 http://azure.archive.ubuntu.com/ubuntu noble/main amd64 fonts-freefont-ttf all 20211204+svn4273-2 [5641 kB]
test	Install Playwright Browsers	2025-12-13T13:04:38.5888547Z Get:8 http://azure.archive.ubuntu.com/ubuntu noble/universe amd64 fonts-tlwg-loma-otf all 1:0.7.3-1 [107 kB]
test	Install Playwright Browsers	2025-12-13T13:04:38.6640989Z Get:9 http://azure.archive.ubuntu.com/ubuntu noble/universe amd64 fonts-unifont all 1:15.1.01-1build1 [2993 kB]
test	Install Playwright Browsers	2025-12-13T13:04:38.7853603Z Get:10 http://azure.archive.ubuntu.com/ubuntu noble/universe amd64 fonts-wqy-zenhei all 0.9.45-8 [7472 kB]
test	Install Playwright Browsers	2025-12-13T13:04:39.0014617Z Get:11 http://azure.archive.ubuntu.com/ubuntu noble/main amd64 xfonts-encodings all 1:1.0.5-0ubuntu2 [578 kB]
test	Install Playwright Browsers	2025-12-13T13:04:39.0774840Z Get:12 http://azure.archive.ubuntu.com/ubuntu noble/main amd64 xfonts-utils amd64 1:7.7+6build3 [94.4 kB]
test	Install Playwright Browsers	2025-12-13T13:04:39.1436575Z Get:13 http://azure.archive.ubuntu.com/ubuntu noble/universe amd64 xfonts-cyrillic all 1:1.0.5+nmu1 [384 kB]
test	Install Playwright Browsers	2025-12-13T13:04:39.2147645Z Get:14 http://azure.archive.ubuntu.com/ubuntu noble/main amd64 xfonts-scalable all 1:1.0.3-1.3 [304 kB]
test	Install Playwright Browsers	2025-12-13T13:04:39.5210198Z Fetched 23.0 MB in 1s (16.2 MB/s)
test	Install Playwright Browsers	2025-12-13T13:04:39.5477947Z Selecting previously unselected package fonts-ipafont-gothic.
test	Install Playwright Browsers	2025-12-13T13:04:39.5835662Z (Reading database ... 
test	Install Playwright Browsers	2025-12-13T13:04:39.5836410Z (Reading database ... 5%
test	Install Playwright Browsers	2025-12-13T13:04:39.5836811Z (Reading database ... 10%
test	Install Playwright Browsers	2025-12-13T13:04:39.5837194Z (Reading database ... 15%
test	Install Playwright Browsers	2025-12-13T13:04:39.5837560Z (Reading database ... 20%
test	Install Playwright Browsers	2025-12-13T13:04:39.5837941Z (Reading database ... 25%
test	Install Playwright Browsers	2025-12-13T13:04:39.5838297Z (Reading database ... 30%
test	Install Playwright Browsers	2025-12-13T13:04:39.5838654Z (Reading database ... 35%
test	Install Playwright Browsers	2025-12-13T13:04:39.5839158Z (Reading database ... 40%
test	Install Playwright Browsers	2025-12-13T13:04:39.5839525Z (Reading database ... 45%
test	Install Playwright Browsers	2025-12-13T13:04:39.5839923Z (Reading database ... 50%
test	Install Playwright Browsers	2025-12-13T13:04:39.5963541Z (Reading database ... 55%
test	Install Playwright Browsers	2025-12-13T13:04:39.7398332Z (Reading database ... 60%
test	Install Playwright Browsers	2025-12-13T13:04:39.8622223Z (Reading database ... 65%
test	Install Playwright Browsers	2025-12-13T13:04:39.9394988Z (Reading database ... 70%
test	Install Playwright Browsers	2025-12-13T13:04:40.0018265Z (Reading database ... 75%
test	Install Playwright Browsers	2025-12-13T13:04:40.1873057Z (Reading database ... 80%
test	Install Playwright Browsers	2025-12-13T13:04:40.3559034Z (Reading database ... 85%
test	Install Playwright Browsers	2025-12-13T13:04:40.5363860Z (Reading database ... 90%
test	Install Playwright Browsers	2025-12-13T13:04:40.7112540Z (Reading database ... 95%
test	Install Playwright Browsers	2025-12-13T13:04:40.7113205Z (Reading database ... 100%
test	Install Playwright Browsers	2025-12-13T13:04:40.7114128Z (Reading database ... 217067 files and directories currently installed.)
test	Install Playwright Browsers	2025-12-13T13:04:40.7162807Z Preparing to unpack .../00-fonts-ipafont-gothic_00303-21ubuntu1_all.deb ...
test	Install Playwright Browsers	2025-12-13T13:04:40.7269346Z Unpacking fonts-ipafont-gothic (00303-21ubuntu1) ...
test	Install Playwright Browsers	2025-12-13T13:04:40.9942067Z Preparing to unpack .../01-libglib2.0-data_2.80.0-6ubuntu3.5_all.deb ...
test	Install Playwright Browsers	2025-12-13T13:04:40.9972695Z Unpacking libglib2.0-data (2.80.0-6ubuntu3.5) over (2.80.0-6ubuntu3.4) ...
test	Install Playwright Browsers	2025-12-13T13:04:41.0471306Z Preparing to unpack .../02-libglib2.0-bin_2.80.0-6ubuntu3.5_amd64.deb ...
test	Install Playwright Browsers	2025-12-13T13:04:41.0495394Z Unpacking libglib2.0-bin (2.80.0-6ubuntu3.5) over (2.80.0-6ubuntu3.4) ...
test	Install Playwright Browsers	2025-12-13T13:04:41.1328073Z Preparing to unpack .../03-gir1.2-glib-2.0_2.80.0-6ubuntu3.5_amd64.deb ...
test	Install Playwright Browsers	2025-12-13T13:04:41.1364598Z Unpacking gir1.2-glib-2.0:amd64 (2.80.0-6ubuntu3.5) over (2.80.0-6ubuntu3.4) ...
test	Install Playwright Browsers	2025-12-13T13:04:41.1837904Z Preparing to unpack .../04-libglib2.0-0t64_2.80.0-6ubuntu3.5_amd64.deb ...
test	Install Playwright Browsers	2025-12-13T13:04:41.1929429Z Unpacking libglib2.0-0t64:amd64 (2.80.0-6ubuntu3.5) over (2.80.0-6ubuntu3.4) ...
test	Install Playwright Browsers	2025-12-13T13:04:41.2482547Z Selecting previously unselected package fonts-freefont-ttf.
test	Install Playwright Browsers	2025-12-13T13:04:41.2629849Z Preparing to unpack .../05-fonts-freefont-ttf_20211204+svn4273-2_all.deb ...
test	Install Playwright Browsers	2025-12-13T13:04:41.2637397Z Unpacking fonts-freefont-ttf (20211204+svn4273-2) ...
test	Install Playwright Browsers	2025-12-13T13:04:41.3597349Z Selecting previously unselected package fonts-tlwg-loma-otf.
test	Install Playwright Browsers	2025-12-13T13:04:41.3738040Z Preparing to unpack .../06-fonts-tlwg-loma-otf_1%3a0.7.3-1_all.deb ...
test	Install Playwright Browsers	2025-12-13T13:04:41.3747948Z Unpacking fonts-tlwg-loma-otf (1:0.7.3-1) ...
test	Install Playwright Browsers	2025-12-13T13:04:41.4034428Z Selecting previously unselected package fonts-unifont.
test	Install Playwright Browsers	2025-12-13T13:04:41.4182516Z Preparing to unpack .../07-fonts-unifont_1%3a15.1.01-1build1_all.deb ...
test	Install Playwright Browsers	2025-12-13T13:04:41.4191645Z Unpacking fonts-unifont (1:15.1.01-1build1) ...
test	Install Playwright Browsers	2025-12-13T13:04:41.5459320Z Selecting previously unselected package fonts-wqy-zenhei.
test	Install Playwright Browsers	2025-12-13T13:04:41.5611266Z Preparing to unpack .../08-fonts-wqy-zenhei_0.9.45-8_all.deb ...
test	Install Playwright Browsers	2025-12-13T13:04:41.5783824Z Unpacking fonts-wqy-zenhei (0.9.45-8) ...
test	Install Playwright Browsers	2025-12-13T13:04:42.0626960Z Selecting previously unselected package xfonts-encodings.
test	Install Playwright Browsers	2025-12-13T13:04:42.0766639Z Preparing to unpack .../09-xfonts-encodings_1%3a1.0.5-0ubuntu2_all.deb ...
test	Install Playwright Browsers	2025-12-13T13:04:42.0777736Z Unpacking xfonts-encodings (1:1.0.5-0ubuntu2) ...
test	Install Playwright Browsers	2025-12-13T13:04:42.1090062Z Selecting previously unselected package xfonts-utils.
test	Install Playwright Browsers	2025-12-13T13:04:42.1227550Z Preparing to unpack .../10-xfonts-utils_1%3a7.7+6build3_amd64.deb ...
test	Install Playwright Browsers	2025-12-13T13:04:42.1236116Z Unpacking xfonts-utils (1:7.7+6build3) ...
test	Install Playwright Browsers	2025-12-13T13:04:42.1633225Z Selecting previously unselected package xfonts-cyrillic.
test	Install Playwright Browsers	2025-12-13T13:04:42.1771825Z Preparing to unpack .../11-xfonts-cyrillic_1%3a1.0.5+nmu1_all.deb ...
test	Install Playwright Browsers	2025-12-13T13:04:42.1780818Z Unpacking xfonts-cyrillic (1:1.0.5+nmu1) ...
test	Install Playwright Browsers	2025-12-13T13:04:42.2163858Z Selecting previously unselected package xfonts-scalable.
test	Install Playwright Browsers	2025-12-13T13:04:42.2302563Z Preparing to unpack .../12-xfonts-scalable_1%3a1.0.3-1.3_all.deb ...
test	Install Playwright Browsers	2025-12-13T13:04:42.2312113Z Unpacking xfonts-scalable (1:1.0.3-1.3) ...
test	Install Playwright Browsers	2025-12-13T13:04:42.2748623Z Setting up fonts-wqy-zenhei (0.9.45-8) ...
test	Install Playwright Browsers	2025-12-13T13:04:42.2866492Z Setting up fonts-freefont-ttf (20211204+svn4273-2) ...
test	Install Playwright Browsers	2025-12-13T13:04:42.2888732Z Setting up libglib2.0-0t64:amd64 (2.80.0-6ubuntu3.5) ...
test	Install Playwright Browsers	2025-12-13T13:04:42.3169264Z Setting up libglib2.0-data (2.80.0-6ubuntu3.5) ...
test	Install Playwright Browsers	2025-12-13T13:04:42.3193166Z Setting up fonts-tlwg-loma-otf (1:0.7.3-1) ...
test	Install Playwright Browsers	2025-12-13T13:04:42.3217581Z Setting up xfonts-encodings (1:1.0.5-0ubuntu2) ...
test	Install Playwright Browsers	2025-12-13T13:04:42.3239745Z Setting up gir1.2-glib-2.0:amd64 (2.80.0-6ubuntu3.5) ...
test	Install Playwright Browsers	2025-12-13T13:04:42.3260542Z Setting up fonts-ipafont-gothic (00303-21ubuntu1) ...
test	Install Playwright Browsers	2025-12-13T13:04:42.3327408Z update-alternatives: using /usr/share/fonts/opentype/ipafont-gothic/ipag.ttf to provide /usr/share/fonts/truetype/fonts-japanese-gothic.ttf (fonts-japanese-gothic.ttf) in auto mode
test	Install Playwright Browsers	2025-12-13T13:04:42.3343800Z Setting up fonts-unifont (1:15.1.01-1build1) ...
test	Install Playwright Browsers	2025-12-13T13:04:42.3378855Z Setting up libglib2.0-bin (2.80.0-6ubuntu3.5) ...
test	Install Playwright Browsers	2025-12-13T13:04:42.3404763Z Setting up xfonts-utils (1:7.7+6build3) ...
test	Install Playwright Browsers	2025-12-13T13:04:42.3450282Z Setting up xfonts-cyrillic (1:1.0.5+nmu1) ...
test	Install Playwright Browsers	2025-12-13T13:04:42.3964773Z Setting up xfonts-scalable (1:1.0.3-1.3) ...
test	Install Playwright Browsers	2025-12-13T13:04:42.4407096Z Processing triggers for libc-bin (2.39-0ubuntu8.6) ...
test	Install Playwright Browsers	2025-12-13T13:04:42.5358471Z Processing triggers for man-db (2.12.0-4build2) ...
test	Install Playwright Browsers	2025-12-13T13:04:42.5448060Z Not building database; man-db/auto-update is not 'true'.
test	Install Playwright Browsers	2025-12-13T13:04:42.5465722Z Processing triggers for fontconfig (2.15.0-1.1ubuntu2) ...
test	Install Playwright Browsers	2025-12-13T13:04:43.4489238Z 
test	Install Playwright Browsers	2025-12-13T13:04:43.4489846Z Running kernel seems to be up-to-date.
test	Install Playwright Browsers	2025-12-13T13:04:43.4490140Z 
test	Install Playwright Browsers	2025-12-13T13:04:43.4490265Z Restarting services...
test	Install Playwright Browsers	2025-12-13T13:04:43.4960053Z  systemctl restart packagekit.service php8.3-fpm.service polkit.service udisks2.service
test	Install Playwright Browsers	2025-12-13T13:04:43.6296527Z 
test	Install Playwright Browsers	2025-12-13T13:04:43.6297941Z Service restarts being deferred:
test	Install Playwright Browsers	2025-12-13T13:04:43.6298548Z  systemctl restart ModemManager.service
test	Install Playwright Browsers	2025-12-13T13:04:43.6299150Z  systemctl restart networkd-dispatcher.service
test	Install Playwright Browsers	2025-12-13T13:04:43.6299533Z 
test	Install Playwright Browsers	2025-12-13T13:04:43.6299775Z No containers need to be restarted.
test	Install Playwright Browsers	2025-12-13T13:04:43.6300077Z 
test	Install Playwright Browsers	2025-12-13T13:04:43.6300376Z No user sessions are running outdated binaries.
test	Install Playwright Browsers	2025-12-13T13:04:43.6301173Z 
test	Install Playwright Browsers	2025-12-13T13:04:43.6301667Z No VM guests are running outdated hypervisor (qemu) binaries on this host.
test	Install Playwright Browsers	2025-12-13T13:04:45.1079123Z Downloading Chromium 143.0.7499.4 (playwright build v1200) from https://cdn.playwright.dev/dbazure/download/playwright/builds/chromium/1200/chromium-linux.zip
test	Install Playwright Browsers	2025-12-13T13:04:45.2602881Z |                                                                                |   0% of 164.7 MiB
test	Install Playwright Browsers	2025-12-13T13:04:45.3983276Z |â– â– â– â– â– â– â– â–                                                                         |  10% of 164.7 MiB
test	Install Playwright Browsers	2025-12-13T13:04:45.5084555Z |â– â– â– â– â– â– â– â– â– â– â– â– â– â– â– â–                                                                 |  20% of 164.7 MiB
test	Install Playwright Browsers	2025-12-13T13:04:45.6383680Z |â– â– â– â– â– â– â– â– â– â– â– â– â– â– â– â– â– â– â– â– â– â– â– â–                                                         |  30% of 164.7 MiB
test	Install Playwright Browsers	2025-12-13T13:04:45.7255244Z |â– â– â– â– â– â– â– â– â– â– â– â– â– â– â– â– â– â– â– â– â– â– â– â– â– â– â– â– â– â– â– â–                                                 |  40% of 164.7 MiB
test	Install Playwright Browsers	2025-12-13T13:04:45.8033816Z |â– â– â– â– â– â– â– â– â– â– â– â– â– â– â– â– â– â– â– â– â– â– â– â– â– â– â– â– â– â– â– â– â– â– â– â– â– â– â– â–                                         |  50% of 164.7 MiB
test	Install Playwright Browsers	2025-12-13T13:04:45.8934453Z |â– â– â– â– â– â– â– â– â– â– â– â– â– â– â– â– â– â– â– â– â– â– â– â– â– â– â– â– â– â– â– â– â– â– â– â– â– â– â– â– â– â– â– â– â– â– â– â–                                 |  60% of 164.7 MiB
test	Install Playwright Browsers	2025-12-13T13:04:45.9865205Z |â– â– â– â– â– â– â– â– â– â– â– â– â– â– â– â– â– â– â– â– â– â– â– â– â– â– â– â– â– â– â– â– â– â– â– â– â– â– â– â– â– â– â– â– â– â– â– â– â– â– â– â– â– â– â– â–                         |  70% of 164.7 MiB
test	Install Playwright Browsers	2025-12-13T13:04:46.0699849Z |â– â– â– â– â– â– â– â– â– â– â– â– â– â– â– â– â– â– â– â– â– â– â– â– â– â– â– â– â– â– â– â– â– â– â– â– â– â– â– â– â– â– â– â– â– â– â– â– â– â– â– â– â– â– â– â– â– â– â– â– â– â– â– â–                 |  80% of 164.7 MiB
test	Install Playwright Browsers	2025-12-13T13:04:46.1555703Z |â– â– â– â– â– â– â– â– â– â– â– â– â– â– â– â– â– â– â– â– â– â– â– â– â– â– â– â– â– â– â– â– â– â– â– â– â– â– â– â– â– â– â– â– â– â– â– â– â– â– â– â– â– â– â– â– â– â– â– â– â– â– â– â– â– â– â– â– â– â– â– â–         |  90% of 164.7 MiB
test	Install Playwright Browsers	2025-12-13T13:04:46.2444586Z |â– â– â– â– â– â– â– â– â– â– â– â– â– â– â– â– â– â– â– â– â– â– â– â– â– â– â– â– â– â– â– â– â– â– â– â– â– â– â– â– â– â– â– â– â– â– â– â– â– â– â– â– â– â– â– â– â– â– â– â– â– â– â– â– â– â– â– â– â– â– â– â– â– â– â– â– â– â– â– â– | 100% of 164.7 MiB
test	Install Playwright Browsers	2025-12-13T13:04:49.4301439Z Chromium 143.0.7499.4 (playwright build v1200) downloaded to /home/runner/.cache/ms-playwright/chromium-1200
test	Install Playwright Browsers	2025-12-13T13:04:49.4306416Z Downloading FFMPEG playwright build v1011 from https://cdn.playwright.dev/dbazure/download/playwright/builds/ffmpeg/1011/ffmpeg-linux.zip
test	Install Playwright Browsers	2025-12-13T13:04:49.5924569Z |                                                                                |   0% of 2.3 MiB
test	Install Playwright Browsers	2025-12-13T13:04:49.5980144Z |â– â– â– â– â– â– â– â–                                                                         |  10% of 2.3 MiB
test	Install Playwright Browsers	2025-12-13T13:04:49.6018548Z |â– â– â– â– â– â– â– â– â– â– â– â– â– â– â– â–                                                                 |  20% of 2.3 MiB
test	Install Playwright Browsers	2025-12-13T13:04:49.6039414Z |â– â– â– â– â– â– â– â– â– â– â– â– â– â– â– â– â– â– â– â– â– â– â– â–                                                         |  30% of 2.3 MiB
test	Install Playwright Browsers	2025-12-13T13:04:49.6063045Z |â– â– â– â– â– â– â– â– â– â– â– â– â– â– â– â– â– â– â– â– â– â– â– â– â– â– â– â– â– â– â– â–                                                 |  40% of 2.3 MiB
test	Install Playwright Browsers	2025-12-13T13:04:49.6090848Z |â– â– â– â– â– â– â– â– â– â– â– â– â– â– â– â– â– â– â– â– â– â– â– â– â– â– â– â– â– â– â– â– â– â– â– â– â– â– â– â–                                         |  50% of 2.3 MiB
test	Install Playwright Browsers	2025-12-13T13:04:49.6111760Z |â– â– â– â– â– â– â– â– â– â– â– â– â– â– â– â– â– â– â– â– â– â– â– â– â– â– â– â– â– â– â– â– â– â– â– â– â– â– â– â– â– â– â– â– â– â– â– â–                                 |  60% of 2.3 MiB
test	Install Playwright Browsers	2025-12-13T13:04:49.6129286Z |â– â– â– â– â– â– â– â– â– â– â– â– â– â– â– â– â– â– â– â– â– â– â– â– â– â– â– â– â– â– â– â– â– â– â– â– â– â– â– â– â– â– â– â– â– â– â– â– â– â– â– â– â– â– â– â–                         |  70% of 2.3 MiB
test	Install Playwright Browsers	2025-12-13T13:04:49.6150926Z |â– â– â– â– â– â– â– â– â– â– â– â– â– â– â– â– â– â– â– â– â– â– â– â– â– â– â– â– â– â– â– â– â– â– â– â– â– â– â– â– â– â– â– â– â– â– â– â– â– â– â– â– â– â– â– â– â– â– â– â– â– â– â– â–                 |  80% of 2.3 MiB
test	Install Playwright Browsers	2025-12-13T13:04:49.6174917Z |â– â– â– â– â– â– â– â– â– â– â– â– â– â– â– â– â– â– â– â– â– â– â– â– â– â– â– â– â– â– â– â– â– â– â– â– â– â– â– â– â– â– â– â– â– â– â– â– â– â– â– â– â– â– â– â– â– â– â– â– â– â– â– â– â– â– â– â– â– â– â– â–         |  90% of 2.3 MiB
test	Install Playwright Browsers	2025-12-13T13:04:49.6196500Z |â– â– â– â– â– â– â– â– â– â– â– â– â– â– â– â– â– â– â– â– â– â– â– â– â– â– â– â– â– â– â– â– â– â– â– â– â– â– â– â– â– â– â– â– â– â– â– â– â– â– â– â– â– â– â– â– â– â– â– â– â– â– â– â– â– â– â– â– â– â– â– â– â– â– â– â– â– â– â– â– | 100% of 2.3 MiB
test	Install Playwright Browsers	2025-12-13T13:04:49.7031863Z FFMPEG playwright build v1011 downloaded to /home/runner/.cache/ms-playwright/ffmpeg-1011
test	Install Playwright Browsers	2025-12-13T13:04:49.7037811Z Downloading Chromium Headless Shell 143.0.7499.4 (playwright build v1200) from https://cdn.playwright.dev/dbazure/download/playwright/builds/chromium/1200/chromium-headless-shell-linux.zip
test	Install Playwright Browsers	2025-12-13T13:04:49.8681999Z |                                                                                |   0% of 109.7 MiB
test	Install Playwright Browsers	2025-12-13T13:04:50.0540308Z |â– â– â– â– â– â– â– â–                                                                         |  10% of 109.7 MiB
test	Install Playwright Browsers	2025-12-13T13:04:50.1481988Z |â– â– â– â– â– â– â– â– â– â– â– â– â– â– â– â–                                                                 |  20% of 109.7 MiB
test	Install Playwright Browsers	2025-12-13T13:04:50.2710180Z |â– â– â– â– â– â– â– â– â– â– â– â– â– â– â– â– â– â– â– â– â– â– â– â–                                                         |  30% of 109.7 MiB
test	Install Playwright Browsers	2025-12-13T13:04:50.3411549Z |â– â– â– â– â– â– â– â– â– â– â– â– â– â– â– â– â– â– â– â– â– â– â– â– â– â– â– â– â– â– â– â–                                                 |  40% of 109.7 MiB
test	Install Playwright Browsers	2025-12-13T13:04:50.3999384Z |â– â– â– â– â– â– â– â– â– â– â– â– â– â– â– â– â– â– â– â– â– â– â– â– â– â– â– â– â– â– â– â– â– â– â– â– â– â– â– â–                                         |  50% of 109.7 MiB
test	Install Playwright Browsers	2025-12-13T13:04:50.4895243Z |â– â– â– â– â– â– â– â– â– â– â– â– â– â– â– â– â– â– â– â– â– â– â– â– â– â– â– â– â– â– â– â– â– â– â– â– â– â– â– â– â– â– â– â– â– â– â– â–                                 |  60% of 109.7 MiB
test	Install Playwright Browsers	2025-12-13T13:04:50.5727066Z |â– â– â– â– â– â– â– â– â– â– â– â– â– â– â– â– â– â– â– â– â– â– â– â– â– â– â– â– â– â– â– â– â– â– â– â– â– â– â– â– â– â– â– â– â– â– â– â– â– â– â– â– â– â– â– â–                         |  70% of 109.7 MiB
test	Install Playwright Browsers	2025-12-13T13:04:50.9129132Z |â– â– â– â– â– â– â– â– â– â– â– â– â– â– â– â– â– â– â– â– â– â– â– â– â– â– â– â– â– â– â– â– â– â– â– â– â– â– â– â– â– â– â– â– â– â– â– â– â– â– â– â– â– â– â– â– â– â– â– â– â– â– â– â–                 |  80% of 109.7 MiB
test	Install Playwright Browsers	2025-12-13T13:04:50.9733308Z |â– â– â– â– â– â– â– â– â– â– â– â– â– â– â– â– â– â– â– â– â– â– â– â– â– â– â– â– â– â– â– â– â– â– â– â– â– â– â– â– â– â– â– â– â– â– â– â– â– â– â– â– â– â– â– â– â– â– â– â– â– â– â– â– â– â– â– â– â– â– â– â–         |  90% of 109.7 MiB
test	Install Playwright Browsers	2025-12-13T13:04:51.3958748Z |â– â– â– â– â– â– â– â– â– â– â– â– â– â– â– â– â– â– â– â– â– â– â– â– â– â– â– â– â– â– â– â– â– â– â– â– â– â– â– â– â– â– â– â– â– â– â– â– â– â– â– â– â– â– â– â– â– â– â– â– â– â– â– â– â– â– â– â– â– â– â– â– â– â– â– â– â– â– â– â– | 100% of 109.7 MiB
test	Install Playwright Browsers	2025-12-13T13:04:53.6846528Z Chromium Headless Shell 143.0.7499.4 (playwright build v1200) downloaded to /home/runner/.cache/ms-playwright/chromium_headless_shell-1200
test	Verify Build	ï»¿2025-12-13T13:04:53.7054322Z ##[group]Run npm run build
test	Verify Build	2025-12-13T13:04:53.7054619Z [36;1mnpm run build[0m
test	Verify Build	2025-12-13T13:04:53.7088774Z shell: /usr/bin/bash -e {0}
test	Verify Build	2025-12-13T13:04:53.7089009Z env:
test	Verify Build	2025-12-13T13:04:53.7089365Z   PROJECT_ID: ***
test	Verify Build	2025-12-13T13:04:53.7089567Z   REGION: europe-west1
test	Verify Build	2025-12-13T13:04:53.7089790Z   SERVICE_NAME: zone-calculator-pro
test	Verify Build	2025-12-13T13:04:53.7090043Z   REPO_NAME: zone-calculator-repo
test	Verify Build	2025-12-13T13:04:53.7090273Z ##[endgroup]
test	Verify Build	2025-12-13T13:04:53.8311643Z 
test	Verify Build	2025-12-13T13:04:53.8312291Z > zone-calculator-v2@0.1.0 build
test	Verify Build	2025-12-13T13:04:53.8312750Z > next build
test	Verify Build	2025-12-13T13:04:53.8312910Z 
test	Verify Build	2025-12-13T13:04:54.4945150Z âš  No build cache found. Please configure build caching for faster rebuilds. Read more: https://nextjs.org/docs/messages/no-cache
test	Verify Build	2025-12-13T13:04:54.5093077Z Attention: Next.js now collects completely anonymous telemetry regarding usage.
test	Verify Build	2025-12-13T13:04:54.5094257Z This information is used to shape Next.js' roadmap and prioritize features.
test	Verify Build	2025-12-13T13:04:54.5095822Z You can learn more, including how to opt-out if you'd not like to participate in this anonymous program, by visiting the following URL:
test	Verify Build	2025-12-13T13:04:54.5096622Z https://nextjs.org/telemetry
test	Verify Build	2025-12-13T13:04:54.5096825Z 
test	Verify Build	2025-12-13T13:04:54.5267803Z    â–² Next.js 16.0.10 (Turbopack)
test	Verify Build	2025-12-13T13:04:54.5268773Z 
test	Verify Build	2025-12-13T13:04:54.6043577Z    Creating an optimized production build ...
test	Verify Build	2025-12-13T13:05:09.3504852Z  âœ“ Compiled successfully in 14.4s
test	Verify Build	2025-12-13T13:05:09.3648844Z    Running TypeScript ...
test	Verify Build	2025-12-13T13:05:16.8279836Z    Collecting page data using 3 workers ...
test	Verify Build	2025-12-13T13:05:17.5645522Z    Generating static pages using 3 workers (0/43) ...
test	Verify Build	2025-12-13T13:05:18.2804464Z    Generating static pages using 3 workers (10/43) 
test	Verify Build	2025-12-13T13:05:18.3358613Z    Generating static pages using 3 workers (21/43) 
test	Verify Build	2025-12-13T13:05:18.9119501Z    Generating static pages using 3 workers (32/43) 
test	Verify Build	2025-12-13T13:05:19.0385596Z  âœ“ Generating static pages using 3 workers (43/43) in 1473.9ms
test	Verify Build	2025-12-13T13:05:19.0573070Z    Finalizing page optimization ...
test	Verify Build	2025-12-13T13:05:19.6285461Z 
test	Verify Build	2025-12-13T13:05:19.6311582Z Route (app)
test	Verify Build	2025-12-13T13:05:19.6313903Z â”Œ â—‹ /
test	Verify Build	2025-12-13T13:05:19.6314379Z â”œ â—‹ /_not-found
test	Verify Build	2025-12-13T13:05:19.6314837Z â”œ â—‹ /achievements
test	Verify Build	2025-12-13T13:05:19.6315513Z â”œ â—‹ /admin
test	Verify Build	2025-12-13T13:05:19.6315945Z â”œ â—‹ /admin/settings
test	Verify Build	2025-12-13T13:05:19.6316314Z â”œ â—‹ /admin/users
test	Verify Build	2025-12-13T13:05:19.6316711Z â”œ Æ’ /api/admin/fix-meals
test	Verify Build	2025-12-13T13:05:19.6317170Z â”œ Æ’ /api/admin/settings
test	Verify Build	2025-12-13T13:05:19.6317632Z â”œ Æ’ /api/admin/users
test	Verify Build	2025-12-13T13:05:19.6318038Z â”œ Æ’ /api/ai/chat
test	Verify Build	2025-12-13T13:05:19.6319939Z â”œ Æ’ /api/auth/[...nextauth]
test	Verify Build	2025-12-13T13:05:19.6320510Z â”œ Æ’ /api/calendar
test	Verify Build	2025-12-13T13:05:19.6320993Z â”œ Æ’ /api/chef
test	Verify Build	2025-12-13T13:05:19.6321441Z â”œ Æ’ /api/foods
test	Verify Build	2025-12-13T13:05:19.6321820Z â”œ Æ’ /api/health
test	Verify Build	2025-12-13T13:05:19.6322252Z â”œ Æ’ /api/leaderboard
test	Verify Build	2025-12-13T13:05:19.6322672Z â”œ Æ’ /api/meals
test	Verify Build	2025-12-13T13:05:19.6323108Z â”œ Æ’ /api/meals/ai-generate
test	Verify Build	2025-12-13T13:05:19.6323546Z â”œ Æ’ /api/news
test	Verify Build	2025-12-13T13:05:19.6323965Z â”œ Æ’ /api/recipe/generate
test	Verify Build	2025-12-13T13:05:19.6324438Z â”œ Æ’ /api/reports
test	Verify Build	2025-12-13T13:05:19.6324835Z â”œ Æ’ /api/seed
test	Verify Build	2025-12-13T13:05:19.6325562Z â”œ Æ’ /api/shopping/optimize-route
test	Verify Build	2025-12-13T13:05:19.6326043Z â”œ Æ’ /api/trends
test	Verify Build	2025-12-13T13:05:19.6326407Z â”œ Æ’ /api/user
test	Verify Build	2025-12-13T13:05:19.6326812Z â”œ Æ’ /api/user/onboarding
test	Verify Build	2025-12-13T13:05:19.6327296Z â”œ Æ’ /api/user/password
test	Verify Build	2025-12-13T13:05:19.6327773Z â”œ Æ’ /api/user/protein
test	Verify Build	2025-12-13T13:05:19.6328192Z â”œ Æ’ /api/vision
test	Verify Build	2025-12-13T13:05:19.6328598Z â”œ â—‹ /calculator
test	Verify Build	2025-12-13T13:05:19.6328964Z â”œ â—‹ /calendar
test	Verify Build	2025-12-13T13:05:19.6329329Z â”œ â—‹ /chef
test	Verify Build	2025-12-13T13:05:19.6329630Z â”œ â—‹ /coach
test	Verify Build	2025-12-13T13:05:19.6329944Z â”œ â—‹ /foods
test	Verify Build	2025-12-13T13:05:19.6330300Z â”œ â—‹ /leaderboard
test	Verify Build	2025-12-13T13:05:19.6330706Z â”œ â—‹ /login
test	Verify Build	2025-12-13T13:05:19.6331057Z â”œ â—‹ /meals
test	Verify Build	2025-12-13T13:05:19.6331440Z â”œ â—‹ /news/daily
test	Verify Build	2025-12-13T13:05:19.6331827Z â”œ â—‹ /onboarding
test	Verify Build	2025-12-13T13:05:19.6332212Z â”œ â—‹ /protein
test	Verify Build	2025-12-13T13:05:19.6332598Z â”œ Æ’ /recipe/[id]
test	Verify Build	2025-12-13T13:05:19.6332988Z â”œ â—‹ /reports
test	Verify Build	2025-12-13T13:05:19.6333836Z â”œ â—‹ /settings
test	Verify Build	2025-12-13T13:05:19.6334239Z â”” â—‹ /shopping-list
test	Verify Build	2025-12-13T13:05:19.6334465Z 
test	Verify Build	2025-12-13T13:05:19.6334478Z 
test	Verify Build	2025-12-13T13:05:19.6334733Z Æ’ Proxy (Middleware)
test	Verify Build	2025-12-13T13:05:19.6334984Z 
test	Verify Build	2025-12-13T13:05:19.6335669Z â—‹  (Static)   prerendered as static content
test	Verify Build	2025-12-13T13:05:19.6336294Z Æ’  (Dynamic)  server-rendered on demand
test	Verify Build	2025-12-13T13:05:19.6336616Z 
test	Post Setup Node.js	ï»¿2025-12-13T13:05:19.6846630Z Post job cleanup.
test	Post Setup Node.js	2025-12-13T13:05:19.8556163Z Cache hit occurred on the primary key node-cache-Linux-x64-npm-4229c26d601d936da1586d7ef85d22cb31630987bdd718dd47aff7af36dfe144, not saving cache.
test	Post Run actions/checkout@v4	ï»¿2025-12-13T13:05:19.8687120Z Post job cleanup.
test	Post Run actions/checkout@v4	2025-12-13T13:05:19.9716774Z [command]/usr/bin/git version
test	Post Run actions/checkout@v4	2025-12-13T13:05:19.9757771Z git version 2.52.0
test	Post Run actions/checkout@v4	2025-12-13T13:05:19.9810086Z Temporarily overriding HOME='/home/runner/work/_temp/7503b77f-ded8-4635-ab91-6c8147a94b41' before making global git config changes
test	Post Run actions/checkout@v4	2025-12-13T13:05:19.9811284Z Adding repository directory to the temporary git global config as a safe directory
test	Post Run actions/checkout@v4	2025-12-13T13:05:19.9819156Z [command]/usr/bin/git config --global --add safe.directory /home/runner/work/zoneCalculator/zoneCalculator
test	Post Run actions/checkout@v4	2025-12-13T13:05:19.9877100Z [command]/usr/bin/git config --local --name-only --get-regexp core\.sshCommand
test	Post Run actions/checkout@v4	2025-12-13T13:05:19.9920086Z [command]/usr/bin/git submodule foreach --recursive sh -c "git config --local --name-only --get-regexp 'core\.sshCommand' && git config --local --unset-all 'core.sshCommand' || :"
test	Post Run actions/checkout@v4	2025-12-13T13:05:20.0210035Z [command]/usr/bin/git config --local --name-only --get-regexp http\.https\:\/\/github\.com\/\.extraheader
test	Post Run actions/checkout@v4	2025-12-13T13:05:20.0237332Z http.https://github.com/.extraheader
test	Post Run actions/checkout@v4	2025-12-13T13:05:20.0251452Z [command]/usr/bin/git config --local --unset-all http.https://github.com/.extraheader
test	Post Run actions/checkout@v4	2025-12-13T13:05:20.0289878Z [command]/usr/bin/git submodule foreach --recursive sh -c "git config --local --name-only --get-regexp 'http\.https\:\/\/github\.com\/\.extraheader' && git config --local --unset-all 'http.https://github.com/.extraheader' || :"
test	Post Run actions/checkout@v4	2025-12-13T13:05:20.0537333Z [command]/usr/bin/git config --local --name-only --get-regexp ^includeIf\.gitdir:
test	Post Run actions/checkout@v4	2025-12-13T13:05:20.0576099Z [command]/usr/bin/git submodule foreach --recursive git config --local --show-origin --name-only --get-regexp remote.origin.url
test	Complete job	ï»¿2025-12-13T13:05:20.0965377Z Cleaning up orphan processes
deploy	Set up job	ï»¿2025-12-13T13:05:25.5667533Z Current runner version: '2.329.0'
deploy	Set up job	2025-12-13T13:05:25.5692166Z ##[group]Runner Image Provisioner
deploy	Set up job	2025-12-13T13:05:25.5693227Z Hosted Compute Agent
deploy	Set up job	2025-12-13T13:05:25.5694164Z Version: 20251202.455
deploy	Set up job	2025-12-13T13:05:25.5695035Z Commit: 6c10caca4910e198df60de23adf20ad317c474e3
deploy	Set up job	2025-12-13T13:05:25.5696347Z Build Date: 2025-12-02T15:56:59Z
deploy	Set up job	2025-12-13T13:05:25.5697378Z Worker ID: ***cac78009-95e2-4576-ae02-10d746e9e5e0***
deploy	Set up job	2025-12-13T13:05:25.5698450Z ##[endgroup]
deploy	Set up job	2025-12-13T13:05:25.5699194Z ##[group]Operating System
deploy	Set up job	2025-12-13T13:05:25.5700096Z Ubuntu
deploy	Set up job	2025-12-13T13:05:25.5700822Z 24.04.3
deploy	Set up job	2025-12-13T13:05:25.5701561Z LTS
deploy	Set up job	2025-12-13T13:05:25.5702280Z ##[endgroup]
deploy	Set up job	2025-12-13T13:05:25.5703068Z ##[group]Runner Image
deploy	Set up job	2025-12-13T13:05:25.5703935Z Image: ubuntu-24.04
deploy	Set up job	2025-12-13T13:05:25.5704698Z Version: 20251208.163.1
deploy	Set up job	2025-12-13T13:05:25.5706331Z Included Software: https://github.com/actions/runner-images/blob/ubuntu24/20251208.163/images/ubuntu/Ubuntu2404-Readme.md
deploy	Set up job	2025-12-13T13:05:25.5708009Z Image Release: https://github.com/actions/runner-images/releases/tag/ubuntu24%2F20251208.163
deploy	Set up job	2025-12-13T13:05:25.5709569Z ##[endgroup]
deploy	Set up job	2025-12-13T13:05:25.5711067Z ##[group]GITHUB_TOKEN Permissions
deploy	Set up job	2025-12-13T13:05:25.5713178Z Contents: read
deploy	Set up job	2025-12-13T13:05:25.5713980Z Metadata: read
deploy	Set up job	2025-12-13T13:05:25.5714796Z ##[endgroup]
deploy	Set up job	2025-12-13T13:05:25.5717212Z Secret source: Actions
deploy	Set up job	2025-12-13T13:05:25.5718297Z Prepare workflow directory
deploy	Set up job	2025-12-13T13:05:25.6385734Z Prepare all required actions
deploy	Set up job	2025-12-13T13:05:25.6440422Z Getting action download info
deploy	Set up job	2025-12-13T13:05:25.9543804Z Download action repository 'actions/checkout@v4' (SHA:34e114876b0b11c390a56381ad16ebd13914f8d5)
deploy	Set up job	2025-12-13T13:05:26.0531818Z Download action repository 'google-github-actions/auth@v1' (SHA:3a3c4c57d294ef65efaaee4ff17b22fa88dd3c69)
deploy	Set up job	2025-12-13T13:05:26.4449271Z Download action repository 'google-github-actions/setup-gcloud@v1' (SHA:e30db14379863a8c79331b04a9969f4c1e225e0b)
deploy	Set up job	2025-12-13T13:05:26.8458258Z Download action repository 'google-github-actions/deploy-cloudrun@v1' (SHA:e62f655d5754bec48078a72edc015367b01ee97b)
deploy	Set up job	2025-12-13T13:05:27.3975875Z Complete job name: deploy
deploy	Run actions/checkout@v4	ï»¿2025-12-13T13:05:27.4750680Z ##[group]Run actions/checkout@v4
deploy	Run actions/checkout@v4	2025-12-13T13:05:27.4752284Z with:
deploy	Run actions/checkout@v4	2025-12-13T13:05:27.4753399Z   repository: MarcoBischero/zoneCalculator
deploy	Run actions/checkout@v4	2025-12-13T13:05:27.4755015Z   token: ***
deploy	Run actions/checkout@v4	2025-12-13T13:05:27.4756310Z   ssh-strict: true
deploy	Run actions/checkout@v4	2025-12-13T13:05:27.4757380Z   ssh-user: git
deploy	Run actions/checkout@v4	2025-12-13T13:05:27.4758461Z   persist-credentials: true
deploy	Run actions/checkout@v4	2025-12-13T13:05:27.4759621Z   clean: true
deploy	Run actions/checkout@v4	2025-12-13T13:05:27.4760714Z   sparse-checkout-cone-mode: true
deploy	Run actions/checkout@v4	2025-12-13T13:05:27.4761968Z   fetch-depth: 1
deploy	Run actions/checkout@v4	2025-12-13T13:05:27.4763010Z   fetch-tags: false
deploy	Run actions/checkout@v4	2025-12-13T13:05:27.4764080Z   show-progress: true
deploy	Run actions/checkout@v4	2025-12-13T13:05:27.4765161Z   lfs: false
deploy	Run actions/checkout@v4	2025-12-13T13:05:27.4766301Z   submodules: false
deploy	Run actions/checkout@v4	2025-12-13T13:05:27.4767392Z   set-safe-directory: true
deploy	Run actions/checkout@v4	2025-12-13T13:05:27.4768809Z env:
deploy	Run actions/checkout@v4	2025-12-13T13:05:27.4769934Z   PROJECT_ID: ***
deploy	Run actions/checkout@v4	2025-12-13T13:05:27.4771000Z   REGION: europe-west1
deploy	Run actions/checkout@v4	2025-12-13T13:05:27.4772178Z   SERVICE_NAME: zone-calculator-pro
deploy	Run actions/checkout@v4	2025-12-13T13:05:27.4773500Z   REPO_NAME: zone-calculator-repo
deploy	Run actions/checkout@v4	2025-12-13T13:05:27.4774713Z ##[endgroup]
deploy	Run actions/checkout@v4	2025-12-13T13:05:27.5970074Z Syncing repository: MarcoBischero/zoneCalculator
deploy	Run actions/checkout@v4	2025-12-13T13:05:27.5973278Z ##[group]Getting Git version info
deploy	Run actions/checkout@v4	2025-12-13T13:05:27.5975048Z Working directory is '/home/runner/work/zoneCalculator/zoneCalculator'
deploy	Run actions/checkout@v4	2025-12-13T13:05:27.5977801Z [command]/usr/bin/git version
deploy	Run actions/checkout@v4	2025-12-13T13:05:27.5979018Z git version 2.52.0
deploy	Run actions/checkout@v4	2025-12-13T13:05:27.6007035Z ##[endgroup]
deploy	Run actions/checkout@v4	2025-12-13T13:05:27.6026811Z Temporarily overriding HOME='/home/runner/work/_temp/2bc22383-9952-46b4-96e5-bc4c9b737802' before making global git config changes
deploy	Run actions/checkout@v4	2025-12-13T13:05:27.6029969Z Adding repository directory to the temporary git global config as a safe directory
deploy	Run actions/checkout@v4	2025-12-13T13:05:27.6043369Z [command]/usr/bin/git config --global --add safe.directory /home/runner/work/zoneCalculator/zoneCalculator
deploy	Run actions/checkout@v4	2025-12-13T13:05:27.6090950Z Deleting the contents of '/home/runner/work/zoneCalculator/zoneCalculator'
deploy	Run actions/checkout@v4	2025-12-13T13:05:27.6094621Z ##[group]Initializing the repository
deploy	Run actions/checkout@v4	2025-12-13T13:05:27.6100983Z [command]/usr/bin/git init /home/runner/work/zoneCalculator/zoneCalculator
deploy	Run actions/checkout@v4	2025-12-13T13:05:27.6216982Z hint: Using 'master' as the name for the initial branch. This default branch name
deploy	Run actions/checkout@v4	2025-12-13T13:05:27.6220552Z hint: will change to "main" in Git 3.0. To configure the initial branch name
deploy	Run actions/checkout@v4	2025-12-13T13:05:27.6223554Z hint: to use in all of your new repositories, which will suppress this warning,
deploy	Run actions/checkout@v4	2025-12-13T13:05:27.6225239Z hint: call:
deploy	Run actions/checkout@v4	2025-12-13T13:05:27.6226552Z hint:
deploy	Run actions/checkout@v4	2025-12-13T13:05:27.6227781Z hint: 	git config --global init.defaultBranch <name>
deploy	Run actions/checkout@v4	2025-12-13T13:05:27.6229208Z hint:
deploy	Run actions/checkout@v4	2025-12-13T13:05:27.6230580Z hint: Names commonly chosen instead of 'master' are 'main', 'trunk' and
deploy	Run actions/checkout@v4	2025-12-13T13:05:27.6232694Z hint: 'development'. The just-created branch can be renamed via this command:
deploy	Run actions/checkout@v4	2025-12-13T13:05:27.6234430Z hint:
deploy	Run actions/checkout@v4	2025-12-13T13:05:27.6235862Z hint: 	git branch -m <name>
deploy	Run actions/checkout@v4	2025-12-13T13:05:27.6237099Z hint:
deploy	Run actions/checkout@v4	2025-12-13T13:05:27.6238886Z hint: Disable this message with "git config set advice.defaultBranchName false"
deploy	Run actions/checkout@v4	2025-12-13T13:05:27.6241350Z Initialized empty Git repository in /home/runner/work/zoneCalculator/zoneCalculator/.git/
deploy	Run actions/checkout@v4	2025-12-13T13:05:27.6245693Z [command]/usr/bin/git remote add origin https://github.com/MarcoBischero/zoneCalculator
deploy	Run actions/checkout@v4	2025-12-13T13:05:27.6278019Z ##[endgroup]
deploy	Run actions/checkout@v4	2025-12-13T13:05:27.6279898Z ##[group]Disabling automatic garbage collection
deploy	Run actions/checkout@v4	2025-12-13T13:05:27.6282990Z [command]/usr/bin/git config --local gc.auto 0
deploy	Run actions/checkout@v4	2025-12-13T13:05:27.6317198Z ##[endgroup]
deploy	Run actions/checkout@v4	2025-12-13T13:05:27.6318921Z ##[group]Setting up auth
deploy	Run actions/checkout@v4	2025-12-13T13:05:27.6326564Z [command]/usr/bin/git config --local --name-only --get-regexp core\.sshCommand
deploy	Run actions/checkout@v4	2025-12-13T13:05:27.6363705Z [command]/usr/bin/git submodule foreach --recursive sh -c "git config --local --name-only --get-regexp 'core\.sshCommand' && git config --local --unset-all 'core.sshCommand' || :"
deploy	Run actions/checkout@v4	2025-12-13T13:05:27.6735234Z [command]/usr/bin/git config --local --name-only --get-regexp http\.https\:\/\/github\.com\/\.extraheader
deploy	Run actions/checkout@v4	2025-12-13T13:05:27.6766427Z [command]/usr/bin/git submodule foreach --recursive sh -c "git config --local --name-only --get-regexp 'http\.https\:\/\/github\.com\/\.extraheader' && git config --local --unset-all 'http.https://github.com/.extraheader' || :"
deploy	Run actions/checkout@v4	2025-12-13T13:05:27.6982121Z [command]/usr/bin/git config --local --name-only --get-regexp ^includeIf\.gitdir:
deploy	Run actions/checkout@v4	2025-12-13T13:05:27.7021022Z [command]/usr/bin/git submodule foreach --recursive git config --local --show-origin --name-only --get-regexp remote.origin.url
deploy	Run actions/checkout@v4	2025-12-13T13:05:27.7252303Z [command]/usr/bin/git config --local http.https://github.com/.extraheader AUTHORIZATION: basic ***
deploy	Run actions/checkout@v4	2025-12-13T13:05:27.7285762Z ##[endgroup]
deploy	Run actions/checkout@v4	2025-12-13T13:05:27.7287613Z ##[group]Fetching the repository
deploy	Run actions/checkout@v4	2025-12-13T13:05:27.7296152Z [command]/usr/bin/git -c protocol.version=2 fetch --no-tags --prune --no-recurse-submodules --depth=1 origin +bb2e77c5d6541ae59b9bd7b4154567a4627de817:refs/remotes/origin/main
deploy	Run actions/checkout@v4	2025-12-13T13:05:28.1159293Z From https://github.com/MarcoBischero/zoneCalculator
deploy	Run actions/checkout@v4	2025-12-13T13:05:28.1162626Z  * [new ref]         bb2e77c5d6541ae59b9bd7b4154567a4627de817 -> origin/main
deploy	Run actions/checkout@v4	2025-12-13T13:05:28.1194125Z ##[endgroup]
deploy	Run actions/checkout@v4	2025-12-13T13:05:28.1196032Z ##[group]Determining the checkout info
deploy	Run actions/checkout@v4	2025-12-13T13:05:28.1197612Z ##[endgroup]
deploy	Run actions/checkout@v4	2025-12-13T13:05:28.1201327Z [command]/usr/bin/git sparse-checkout disable
deploy	Run actions/checkout@v4	2025-12-13T13:05:28.1241047Z [command]/usr/bin/git config --local --unset-all extensions.worktreeConfig
deploy	Run actions/checkout@v4	2025-12-13T13:05:28.1266234Z ##[group]Checking out the ref
deploy	Run actions/checkout@v4	2025-12-13T13:05:28.1269283Z [command]/usr/bin/git checkout --progress --force -B main refs/remotes/origin/main
deploy	Run actions/checkout@v4	2025-12-13T13:05:28.1449319Z Switched to a new branch 'main'
deploy	Run actions/checkout@v4	2025-12-13T13:05:28.1451652Z branch 'main' set up to track 'origin/main'.
deploy	Run actions/checkout@v4	2025-12-13T13:05:28.1461288Z ##[endgroup]
deploy	Run actions/checkout@v4	2025-12-13T13:05:28.1494084Z [command]/usr/bin/git log -1 --format=%H
deploy	Run actions/checkout@v4	2025-12-13T13:05:28.1515803Z bb2e77c5d6541ae59b9bd7b4154567a4627de817
deploy	Authenticate to Google Cloud	ï»¿2025-12-13T13:05:28.1786336Z ##[group]Run google-github-actions/auth@v1
deploy	Authenticate to Google Cloud	2025-12-13T13:05:28.1787405Z with:
deploy	Authenticate to Google Cloud	2025-12-13T13:05:28.1800237Z   credentials_json: ***
deploy	Authenticate to Google Cloud	2025-12-13T13:05:28.1801215Z   create_credentials_file: true
deploy	Authenticate to Google Cloud	2025-12-13T13:05:28.1802220Z   export_environment_variables: true
deploy	Authenticate to Google Cloud	2025-12-13T13:05:28.1803211Z   cleanup_credentials: true
deploy	Authenticate to Google Cloud	2025-12-13T13:05:28.1804190Z   access_token_lifetime: 3600s
deploy	Authenticate to Google Cloud	2025-12-13T13:05:28.1805454Z   access_token_scopes: https://www.googleapis.com/auth/cloud-platform
deploy	Authenticate to Google Cloud	2025-12-13T13:05:28.1806569Z   retries: 3
deploy	Authenticate to Google Cloud	2025-12-13T13:05:28.1807441Z   backoff: 250
deploy	Authenticate to Google Cloud	2025-12-13T13:05:28.1808343Z   id_token_include_email: false
deploy	Authenticate to Google Cloud	2025-12-13T13:05:28.1809277Z env:
deploy	Authenticate to Google Cloud	2025-12-13T13:05:28.1810196Z   PROJECT_ID: ***
deploy	Authenticate to Google Cloud	2025-12-13T13:05:28.1811092Z   REGION: europe-west1
deploy	Authenticate to Google Cloud	2025-12-13T13:05:28.1812052Z   SERVICE_NAME: zone-calculator-pro
deploy	Authenticate to Google Cloud	2025-12-13T13:05:28.1813050Z   REPO_NAME: zone-calculator-repo
deploy	Authenticate to Google Cloud	2025-12-13T13:05:28.1814038Z ##[endgroup]
deploy	Authenticate to Google Cloud	2025-12-13T13:05:28.2638535Z Created credentials file at "/home/runner/work/zoneCalculator/zoneCalculator/gha-creds-d2bedfd9c437a7d8.json"
deploy	Set up Cloud SDK	ï»¿2025-12-13T13:05:28.2783250Z ##[group]Run google-github-actions/setup-gcloud@v1
deploy	Set up Cloud SDK	2025-12-13T13:05:28.2784322Z with:
deploy	Set up Cloud SDK	2025-12-13T13:05:28.2785156Z   skip_install: false
deploy	Set up Cloud SDK	2025-12-13T13:05:28.2786260Z   version: latest
deploy	Set up Cloud SDK	2025-12-13T13:05:28.2787106Z env:
deploy	Set up Cloud SDK	2025-12-13T13:05:28.2788044Z   PROJECT_ID: ***
deploy	Set up Cloud SDK	2025-12-13T13:05:28.2788919Z   REGION: europe-west1
deploy	Set up Cloud SDK	2025-12-13T13:05:28.2789830Z   SERVICE_NAME: zone-calculator-pro
deploy	Set up Cloud SDK	2025-12-13T13:05:28.2790799Z   REPO_NAME: zone-calculator-repo
deploy	Set up Cloud SDK	2025-12-13T13:05:28.2792142Z   CLOUDSDK_AUTH_CREDENTIAL_FILE_OVERRIDE: /home/runner/work/zoneCalculator/zoneCalculator/gha-creds-d2bedfd9c437a7d8.json
deploy	Set up Cloud SDK	2025-12-13T13:05:28.2793810Z   GOOGLE_APPLICATION_CREDENTIALS: /home/runner/work/zoneCalculator/zoneCalculator/gha-creds-d2bedfd9c437a7d8.json
deploy	Set up Cloud SDK	2025-12-13T13:05:28.2795523Z   GOOGLE_GHA_CREDS_PATH: /home/runner/work/zoneCalculator/zoneCalculator/gha-creds-d2bedfd9c437a7d8.json
deploy	Set up Cloud SDK	2025-12-13T13:05:28.2796845Z   CLOUDSDK_CORE_PROJECT: ***
deploy	Set up Cloud SDK	2025-12-13T13:05:28.2797877Z   CLOUDSDK_PROJECT: ***
deploy	Set up Cloud SDK	2025-12-13T13:05:28.2798830Z   GCLOUD_PROJECT: ***
deploy	Set up Cloud SDK	2025-12-13T13:05:28.2799813Z   GCP_PROJECT: ***
deploy	Set up Cloud SDK	2025-12-13T13:05:28.2800761Z   GOOGLE_CLOUD_PROJECT: ***
deploy	Set up Cloud SDK	2025-12-13T13:05:28.2801648Z ##[endgroup]
deploy	Set up Cloud SDK	2025-12-13T13:05:30.8293194Z [command]/usr/bin/tar xz --warning=no-unknown-keyword --overwrite -C /home/runner/work/_temp/2fee9a04-b5eb-4069-a071-dc4df0ddc034 -f /home/runner/work/_temp/7cbf551c-c7fc-4a3b-9aad-ed71c58ebeb5
deploy	Set up Cloud SDK	2025-12-13T13:05:50.2609607Z Successfully authenticated
deploy	Ensure Artifact Registry Repository Exists	ï»¿2025-12-13T13:05:50.2770804Z ##[group]Run gcloud artifacts repositories describe zone-calculator-repo --location=europe-west1 || \
deploy	Ensure Artifact Registry Repository Exists	2025-12-13T13:05:50.2771653Z [36;1mgcloud artifacts repositories describe zone-calculator-repo --location=europe-west1 || \[0m
deploy	Ensure Artifact Registry Repository Exists	2025-12-13T13:05:50.2772570Z [36;1mgcloud artifacts repositories create zone-calculator-repo --repository-format=docker --location=europe-west1 --description="Docker repository"[0m
deploy	Ensure Artifact Registry Repository Exists	2025-12-13T13:05:50.2811206Z shell: /usr/bin/bash -e ***0***
deploy	Ensure Artifact Registry Repository Exists	2025-12-13T13:05:50.2811585Z env:
deploy	Ensure Artifact Registry Repository Exists	2025-12-13T13:05:50.2811876Z   PROJECT_ID: ***
deploy	Ensure Artifact Registry Repository Exists	2025-12-13T13:05:50.2812154Z   REGION: europe-west1
deploy	Ensure Artifact Registry Repository Exists	2025-12-13T13:05:50.2812457Z   SERVICE_NAME: zone-calculator-pro
deploy	Ensure Artifact Registry Repository Exists	2025-12-13T13:05:50.2812781Z   REPO_NAME: zone-calculator-repo
deploy	Ensure Artifact Registry Repository Exists	2025-12-13T13:05:50.2813375Z   CLOUDSDK_AUTH_CREDENTIAL_FILE_OVERRIDE: /home/runner/work/zoneCalculator/zoneCalculator/gha-creds-d2bedfd9c437a7d8.json
deploy	Ensure Artifact Registry Repository Exists	2025-12-13T13:05:50.2814248Z   GOOGLE_APPLICATION_CREDENTIALS: /home/runner/work/zoneCalculator/zoneCalculator/gha-creds-d2bedfd9c437a7d8.json
deploy	Ensure Artifact Registry Repository Exists	2025-12-13T13:05:50.2815070Z   GOOGLE_GHA_CREDS_PATH: /home/runner/work/zoneCalculator/zoneCalculator/gha-creds-d2bedfd9c437a7d8.json
deploy	Ensure Artifact Registry Repository Exists	2025-12-13T13:05:50.2815840Z   CLOUDSDK_CORE_PROJECT: ***
deploy	Ensure Artifact Registry Repository Exists	2025-12-13T13:05:50.2816187Z   CLOUDSDK_PROJECT: ***
deploy	Ensure Artifact Registry Repository Exists	2025-12-13T13:05:50.2816494Z   GCLOUD_PROJECT: ***
deploy	Ensure Artifact Registry Repository Exists	2025-12-13T13:05:50.2816794Z   GCP_PROJECT: ***
deploy	Ensure Artifact Registry Repository Exists	2025-12-13T13:05:50.2817090Z   GOOGLE_CLOUD_PROJECT: ***
deploy	Ensure Artifact Registry Repository Exists	2025-12-13T13:05:50.2817447Z   CLOUDSDK_METRICS_ENVIRONMENT: github-actions-setup-gcloud
deploy	Ensure Artifact Registry Repository Exists	2025-12-13T13:05:50.2818067Z   CLOUDSDK_METRICS_ENVIRONMENT_VERSION: 1.1.1
deploy	Ensure Artifact Registry Repository Exists	2025-12-13T13:05:50.2818389Z ##[endgroup]
deploy	Ensure Artifact Registry Repository Exists	2025-12-13T13:05:52.1929153Z ERROR: (gcloud.artifacts.repositories.describe) NOT_FOUND: Requested entity was not found. This command is authenticated as github-deployer@***.iam.gserviceaccount.com using the credentials in /home/runner/work/zoneCalculator/zoneCalculator/gha-creds-d2bedfd9c437a7d8.json, specified by the [auth/credential_file_override] property.
deploy	Ensure Artifact Registry Repository Exists	2025-12-13T13:05:53.6672777Z Create request issued for: [zone-calculator-repo]
deploy	Ensure Artifact Registry Repository Exists	2025-12-13T13:05:53.6688367Z Waiting for operation [projects/***/locations/europe-west1/operations/8c416295-b875-494d-8a8b-af57ccea37e5] to complete...
deploy	Ensure Artifact Registry Repository Exists	2025-12-13T13:06:12.6000236Z ..................................................................................................done.
deploy	Ensure Artifact Registry Repository Exists	2025-12-13T13:06:13.4640977Z Created repository [zone-calculator-repo].
deploy	Configure Docker	ï»¿2025-12-13T13:06:13.5655522Z ##[group]Run gcloud auth configure-docker europe-west1-docker.pkg.dev
deploy	Configure Docker	2025-12-13T13:06:13.5656198Z [36;1mgcloud auth configure-docker europe-west1-docker.pkg.dev[0m
deploy	Configure Docker	2025-12-13T13:06:13.5689373Z shell: /usr/bin/bash -e ***0***
deploy	Configure Docker	2025-12-13T13:06:13.5689729Z env:
deploy	Configure Docker	2025-12-13T13:06:13.5690028Z   PROJECT_ID: ***
deploy	Configure Docker	2025-12-13T13:06:13.5690313Z   REGION: europe-west1
deploy	Configure Docker	2025-12-13T13:06:13.5690604Z   SERVICE_NAME: zone-calculator-pro
deploy	Configure Docker	2025-12-13T13:06:13.5690936Z   REPO_NAME: zone-calculator-repo
deploy	Configure Docker	2025-12-13T13:06:13.5691548Z   CLOUDSDK_AUTH_CREDENTIAL_FILE_OVERRIDE: /home/runner/work/zoneCalculator/zoneCalculator/gha-creds-d2bedfd9c437a7d8.json
deploy	Configure Docker	2025-12-13T13:06:13.5692396Z   GOOGLE_APPLICATION_CREDENTIALS: /home/runner/work/zoneCalculator/zoneCalculator/gha-creds-d2bedfd9c437a7d8.json
deploy	Configure Docker	2025-12-13T13:06:13.5693174Z   GOOGLE_GHA_CREDS_PATH: /home/runner/work/zoneCalculator/zoneCalculator/gha-creds-d2bedfd9c437a7d8.json
deploy	Configure Docker	2025-12-13T13:06:13.5693758Z   CLOUDSDK_CORE_PROJECT: ***
deploy	Configure Docker	2025-12-13T13:06:13.5694095Z   CLOUDSDK_PROJECT: ***
deploy	Configure Docker	2025-12-13T13:06:13.5694442Z   GCLOUD_PROJECT: ***
deploy	Configure Docker	2025-12-13T13:06:13.5694748Z   GCP_PROJECT: ***
deploy	Configure Docker	2025-12-13T13:06:13.5695088Z   GOOGLE_CLOUD_PROJECT: ***
deploy	Configure Docker	2025-12-13T13:06:13.5695662Z   CLOUDSDK_METRICS_ENVIRONMENT: github-actions-setup-gcloud
deploy	Configure Docker	2025-12-13T13:06:13.5696081Z   CLOUDSDK_METRICS_ENVIRONMENT_VERSION: 1.1.1
deploy	Configure Docker	2025-12-13T13:06:13.5696412Z ##[endgroup]
deploy	Configure Docker	2025-12-13T13:06:14.0429153Z Adding credentials for: europe-west1-docker.pkg.dev
deploy	Configure Docker	2025-12-13T13:06:14.0430637Z After update, the following will be written to your Docker config file located 
deploy	Configure Docker	2025-12-13T13:06:14.0431571Z at [/home/runner/.docker/config.json]:
deploy	Configure Docker	2025-12-13T13:06:14.0432330Z  ***
deploy	Configure Docker	2025-12-13T13:06:14.0432810Z   "credHelpers": ***
deploy	Configure Docker	2025-12-13T13:06:14.0433398Z     "europe-west1-docker.pkg.dev": "gcloud"
deploy	Configure Docker	2025-12-13T13:06:14.0434064Z   ***
deploy	Configure Docker	2025-12-13T13:06:14.0434512Z ***
deploy	Configure Docker	2025-12-13T13:06:14.0434774Z 
deploy	Configure Docker	2025-12-13T13:06:14.0435069Z Do you want to continue (Y/n)?  
deploy	Configure Docker	2025-12-13T13:06:14.0599651Z Docker configuration file updated.
deploy	Build and Push Container	ï»¿2025-12-13T13:06:14.1443939Z ##[group]Run docker build -t europe-west1-docker.pkg.dev/***/zone-calculator-repo/zone-calculator-pro:bb2e77c5d6541ae59b9bd7b4154567a4627de817 .
deploy	Build and Push Container	2025-12-13T13:06:14.1445146Z [36;1mdocker build -t europe-west1-docker.pkg.dev/***/zone-calculator-repo/zone-calculator-pro:bb2e77c5d6541ae59b9bd7b4154567a4627de817 .[0m
deploy	Build and Push Container	2025-12-13T13:06:14.1446372Z [36;1mdocker push europe-west1-docker.pkg.dev/***/zone-calculator-repo/zone-calculator-pro:bb2e77c5d6541ae59b9bd7b4154567a4627de817[0m
deploy	Build and Push Container	2025-12-13T13:06:14.1447737Z [36;1mdocker tag europe-west1-docker.pkg.dev/***/zone-calculator-repo/zone-calculator-pro:bb2e77c5d6541ae59b9bd7b4154567a4627de817 europe-west1-docker.pkg.dev/***/zone-calculator-repo/zone-calculator-pro:latest[0m
deploy	Build and Push Container	2025-12-13T13:06:14.1448889Z [36;1mdocker push europe-west1-docker.pkg.dev/***/zone-calculator-repo/zone-calculator-pro:latest[0m
deploy	Build and Push Container	2025-12-13T13:06:14.1481374Z shell: /usr/bin/bash -e ***0***
deploy	Build and Push Container	2025-12-13T13:06:14.1481689Z env:
deploy	Build and Push Container	2025-12-13T13:06:14.1481997Z   PROJECT_ID: ***
deploy	Build and Push Container	2025-12-13T13:06:14.1482303Z   REGION: europe-west1
deploy	Build and Push Container	2025-12-13T13:06:14.1482772Z   SERVICE_NAME: zone-calculator-pro
deploy	Build and Push Container	2025-12-13T13:06:14.1483132Z   REPO_NAME: zone-calculator-repo
deploy	Build and Push Container	2025-12-13T13:06:14.1483738Z   CLOUDSDK_AUTH_CREDENTIAL_FILE_OVERRIDE: /home/runner/work/zoneCalculator/zoneCalculator/gha-creds-d2bedfd9c437a7d8.json
deploy	Build and Push Container	2025-12-13T13:06:14.1484602Z   GOOGLE_APPLICATION_CREDENTIALS: /home/runner/work/zoneCalculator/zoneCalculator/gha-creds-d2bedfd9c437a7d8.json
deploy	Build and Push Container	2025-12-13T13:06:14.1485503Z   GOOGLE_GHA_CREDS_PATH: /home/runner/work/zoneCalculator/zoneCalculator/gha-creds-d2bedfd9c437a7d8.json
deploy	Build and Push Container	2025-12-13T13:06:14.1486088Z   CLOUDSDK_CORE_PROJECT: ***
deploy	Build and Push Container	2025-12-13T13:06:14.1486425Z   CLOUDSDK_PROJECT: ***
deploy	Build and Push Container	2025-12-13T13:06:14.1486743Z   GCLOUD_PROJECT: ***
deploy	Build and Push Container	2025-12-13T13:06:14.1487062Z   GCP_PROJECT: ***
deploy	Build and Push Container	2025-12-13T13:06:14.1487361Z   GOOGLE_CLOUD_PROJECT: ***
deploy	Build and Push Container	2025-12-13T13:06:14.1487709Z   CLOUDSDK_METRICS_ENVIRONMENT: github-actions-setup-gcloud
deploy	Build and Push Container	2025-12-13T13:06:14.1488119Z   CLOUDSDK_METRICS_ENVIRONMENT_VERSION: 1.1.1
deploy	Build and Push Container	2025-12-13T13:06:14.1488446Z ##[endgroup]
deploy	Build and Push Container	2025-12-13T13:06:14.6032866Z #0 building with "default" instance using docker driver
deploy	Build and Push Container	2025-12-13T13:06:14.6033350Z 
deploy	Build and Push Container	2025-12-13T13:06:14.6033581Z #1 [internal] load build definition from Dockerfile
deploy	Build and Push Container	2025-12-13T13:06:14.6034206Z #1 transferring dockerfile: 2.16kB done
deploy	Build and Push Container	2025-12-13T13:06:14.6034716Z #1 DONE 0.0s
deploy	Build and Push Container	2025-12-13T13:06:14.6034935Z 
deploy	Build and Push Container	2025-12-13T13:06:14.6035175Z #2 [auth] library/node:pull token for registry-1.docker.io
deploy	Build and Push Container	2025-12-13T13:06:14.7540328Z #2 DONE 0.0s
deploy	Build and Push Container	2025-12-13T13:06:14.7540751Z 
deploy	Build and Push Container	2025-12-13T13:06:14.7541246Z #3 [internal] load metadata for docker.io/library/node:20-alpine
deploy	Build and Push Container	2025-12-13T13:06:15.1021034Z #3 DONE 0.6s
deploy	Build and Push Container	2025-12-13T13:06:15.2243346Z 
deploy	Build and Push Container	2025-12-13T13:06:15.2244032Z #4 [internal] load .dockerignore
deploy	Build and Push Container	2025-12-13T13:06:15.2244701Z #4 transferring context: 223B done
deploy	Build and Push Container	2025-12-13T13:06:15.2245491Z #4 DONE 0.0s
deploy	Build and Push Container	2025-12-13T13:06:15.2245777Z 
deploy	Build and Push Container	2025-12-13T13:06:15.2246003Z #5 [internal] load build context
deploy	Build and Push Container	2025-12-13T13:06:15.2246665Z #5 transferring context: 1.58MB 0.0s done
deploy	Build and Push Container	2025-12-13T13:06:15.2247373Z #5 DONE 0.0s
deploy	Build and Push Container	2025-12-13T13:06:15.2247608Z 
deploy	Build and Push Container	2025-12-13T13:06:15.2248501Z #6 [base 1/1] FROM docker.io/library/node:20-alpine@sha256:643e7036aa985317ebfee460005e322aa550c6b6883000d01daefb58689a58e2
deploy	Build and Push Container	2025-12-13T13:06:15.2250709Z #6 resolve docker.io/library/node:20-alpine@sha256:643e7036aa985317ebfee460005e322aa550c6b6883000d01daefb58689a58e2 done
deploy	Build and Push Container	2025-12-13T13:06:15.2252389Z #6 sha256:643e7036aa985317ebfee460005e322aa550c6b6883000d01daefb58689a58e2 7.67kB / 7.67kB done
deploy	Build and Push Container	2025-12-13T13:06:15.2254108Z #6 sha256:fb140f51db2dfb99a12ea29ddc933a8719e46501de0295bed8c4c2824d1332cf 1.72kB / 1.72kB done
deploy	Build and Push Container	2025-12-13T13:06:15.2255745Z #6 sha256:9992b59c17bf27bd13e187f54112049f23f7da7b89343bee73963ae3d6a65fb9 6.52kB / 6.52kB done
deploy	Build and Push Container	2025-12-13T13:06:15.2256986Z #6 sha256:014e56e613968f73cce0858124ca5fbc601d7888099969a4eea69f31dcd71a53 0B / 3.86MB 0.1s
deploy	Build and Push Container	2025-12-13T13:06:15.2258190Z #6 sha256:d28ab52fe4290429b930e8fa368da4da8a7e63cf143c38f9b869950a67c32645 0B / 42.78MB 0.1s
deploy	Build and Push Container	2025-12-13T13:06:15.2259802Z #6 sha256:34226f5414967f183a8ba2d2a0bf2809b3864182e8f68c07c066fa83f025024a 0B / 1.26MB 0.1s
deploy	Build and Push Container	2025-12-13T13:06:15.3738776Z #6 sha256:014e56e613968f73cce0858124ca5fbc601d7888099969a4eea69f31dcd71a53 3.86MB / 3.86MB 0.1s done
deploy	Build and Push Container	2025-12-13T13:06:15.3740448Z #6 sha256:d28ab52fe4290429b930e8fa368da4da8a7e63cf143c38f9b869950a67c32645 6.29MB / 42.78MB 0.2s
deploy	Build and Push Container	2025-12-13T13:06:15.3744369Z #6 extracting sha256:014e56e613968f73cce0858124ca5fbc601d7888099969a4eea69f31dcd71a53 0.1s
deploy	Build and Push Container	2025-12-13T13:06:15.3745687Z #6 sha256:6ac8cc1f0b52065d2132d052abc59bf19e19ac0c65729d4300ab41db30fed855 0B / 446B 0.2s
deploy	Build and Push Container	2025-12-13T13:06:15.5240871Z #6 sha256:d28ab52fe4290429b930e8fa368da4da8a7e63cf143c38f9b869950a67c32645 42.78MB / 42.78MB 0.4s done
deploy	Build and Push Container	2025-12-13T13:06:15.5242124Z #6 sha256:34226f5414967f183a8ba2d2a0bf2809b3864182e8f68c07c066fa83f025024a 1.26MB / 1.26MB 0.2s done
deploy	Build and Push Container	2025-12-13T13:06:15.5243004Z #6 extracting sha256:014e56e613968f73cce0858124ca5fbc601d7888099969a4eea69f31dcd71a53 0.1s done
deploy	Build and Push Container	2025-12-13T13:06:15.5243833Z #6 sha256:6ac8cc1f0b52065d2132d052abc59bf19e19ac0c65729d4300ab41db30fed855 446B / 446B 0.2s done
deploy	Build and Push Container	2025-12-13T13:06:15.6432929Z #6 extracting sha256:d28ab52fe4290429b930e8fa368da4da8a7e63cf143c38f9b869950a67c32645 0.1s
deploy	Build and Push Container	2025-12-13T13:06:16.7080941Z #6 extracting sha256:d28ab52fe4290429b930e8fa368da4da8a7e63cf143c38f9b869950a67c32645 1.0s done
deploy	Build and Push Container	2025-12-13T13:06:16.7798028Z #6 extracting sha256:34226f5414967f183a8ba2d2a0bf2809b3864182e8f68c07c066fa83f025024a
deploy	Build and Push Container	2025-12-13T13:06:17.0094832Z #6 extracting sha256:34226f5414967f183a8ba2d2a0bf2809b3864182e8f68c07c066fa83f025024a 0.0s done
deploy	Build and Push Container	2025-12-13T13:06:17.0096124Z #6 extracting sha256:6ac8cc1f0b52065d2132d052abc59bf19e19ac0c65729d4300ab41db30fed855 done
deploy	Build and Push Container	2025-12-13T13:06:17.0096851Z #6 DONE 1.7s
deploy	Build and Push Container	2025-12-13T13:06:17.0097075Z 
deploy	Build and Push Container	2025-12-13T13:06:17.0097245Z #7 [builder 1/4] WORKDIR /app
deploy	Build and Push Container	2025-12-13T13:06:17.0097673Z #7 DONE 0.0s
deploy	Build and Push Container	2025-12-13T13:06:17.0097873Z 
deploy	Build and Push Container	2025-12-13T13:06:17.0098141Z #8 [runner 2/6] RUN addgroup --system --gid 1001 nodejs
deploy	Build and Push Container	2025-12-13T13:06:17.0311706Z #8 DONE 0.2s
deploy	Build and Push Container	2025-12-13T13:06:17.0312456Z 
deploy	Build and Push Container	2025-12-13T13:06:17.0312883Z #9 [deps 1/5] RUN apk add --no-cache libc6-compat
deploy	Build and Push Container	2025-12-13T13:06:17.1688061Z #9 ...
deploy	Build and Push Container	2025-12-13T13:06:17.1688401Z 
deploy	Build and Push Container	2025-12-13T13:06:17.1688711Z #10 [runner 3/6] RUN adduser --system --uid 1001 nextjs
deploy	Build and Push Container	2025-12-13T13:06:17.1689396Z #10 DONE 0.1s
deploy	Build and Push Container	2025-12-13T13:06:17.3192544Z 
deploy	Build and Push Container	2025-12-13T13:06:17.3193415Z #9 [deps 1/5] RUN apk add --no-cache libc6-compat
deploy	Build and Push Container	2025-12-13T13:06:17.4479282Z #9 0.600 (1/3) Installing musl-obstack (1.2.3-r2)
deploy	Build and Push Container	2025-12-13T13:06:17.5640177Z #9 0.616 (2/3) Installing libucontext (1.3.3-r0)
deploy	Build and Push Container	2025-12-13T13:06:17.5640773Z #9 0.631 (3/3) Installing gcompat (1.1.0-r4)
deploy	Build and Push Container	2025-12-13T13:06:17.5641149Z #9 0.650 OK: 10 MiB in 21 packages
deploy	Build and Push Container	2025-12-13T13:06:17.5641440Z #9 DONE 0.7s
deploy	Build and Push Container	2025-12-13T13:06:17.5641579Z 
deploy	Build and Push Container	2025-12-13T13:06:17.5641696Z #11 [deps 2/5] WORKDIR /app
deploy	Build and Push Container	2025-12-13T13:06:17.5641978Z #11 DONE 0.0s
deploy	Build and Push Container	2025-12-13T13:06:17.5642120Z 
deploy	Build and Push Container	2025-12-13T13:06:17.5642509Z #12 [deps 3/5] COPY package.json yarn.lock* package-lock.json* pnpm-lock.yaml* ./
deploy	Build and Push Container	2025-12-13T13:06:17.5643239Z #12 DONE 0.0s
deploy	Build and Push Container	2025-12-13T13:06:17.7257087Z 
deploy	Build and Push Container	2025-12-13T13:06:17.7258438Z #13 [deps 4/5] COPY prisma ./prisma
deploy	Build and Push Container	2025-12-13T13:06:17.7259442Z #13 DONE 0.0s
deploy	Build and Push Container	2025-12-13T13:06:17.7260018Z 
deploy	Build and Push Container	2025-12-13T13:06:17.7263862Z #14 [deps 5/5] RUN   if [ -f yarn.lock ]; then yarn --frozen-lockfile;   elif [ -f package-lock.json ]; then npm ci --legacy-peer-deps;   elif [ -f pnpm-lock.yaml ]; then yarn global add pnpm && pnpm i --frozen-lockfile;   else echo "Lockfile not found." && exit 1;   fi
deploy	Build and Push Container	2025-12-13T13:06:20.3989798Z #14 2.824 npm warn deprecated rimraf@3.0.2: Rimraf versions prior to v4 are no longer supported
deploy	Build and Push Container	2025-12-13T13:06:20.7697890Z #14 3.195 npm warn deprecated npmlog@5.0.1: This package is no longer supported.
deploy	Build and Push Container	2025-12-13T13:06:21.1572207Z #14 3.582 npm warn deprecated inflight@1.0.6: This module is not supported, and leaks memory. Do not use it. Check out lru-cache if you want a good and tested way to coalesce async requests by a key value, which is much more comprehensive and powerful.
deploy	Build and Push Container	2025-12-13T13:06:21.5815227Z #14 4.006 npm warn deprecated gauge@3.0.2: This package is no longer supported.
deploy	Build and Push Container	2025-12-13T13:06:21.8417090Z #14 4.266 npm warn deprecated are-we-there-yet@2.0.0: This package is no longer supported.
deploy	Build and Push Container	2025-12-13T13:06:22.6132310Z #14 5.038 npm warn deprecated @humanwhocodes/object-schema@2.0.3: Use @eslint/object-schema instead
deploy	Build and Push Container	2025-12-13T13:06:22.7885624Z #14 5.063 npm warn deprecated @humanwhocodes/config-array@0.13.0: Use @eslint/config-array instead
deploy	Build and Push Container	2025-12-13T13:06:22.9390881Z #14 5.364 npm warn deprecated glob@7.2.3: Glob versions prior to v9 are no longer supported
deploy	Build and Push Container	2025-12-13T13:06:25.1574062Z #14 7.582 npm warn deprecated eslint@8.57.1: This version is no longer supported. Please see https://eslint.org/version-support for other options.
deploy	Build and Push Container	2025-12-13T13:06:32.9253968Z #14 15.35 
deploy	Build and Push Container	2025-12-13T13:06:32.9254607Z #14 15.35 > zone-calculator-v2@0.1.0 postinstall
deploy	Build and Push Container	2025-12-13T13:06:32.9255478Z #14 15.35 > prisma generate
deploy	Build and Push Container	2025-12-13T13:06:32.9255985Z #14 15.35 
deploy	Build and Push Container	2025-12-13T13:06:33.3594070Z #14 15.78 prisma:warn Prisma failed to detect the libssl/openssl version to use, and may not work as expected. Defaulting to "openssl-1.1.x".
deploy	Build and Push Container	2025-12-13T13:06:33.3595840Z #14 15.78 Please manually install OpenSSL and try installing Prisma again.
deploy	Build and Push Container	2025-12-13T13:06:33.4839651Z #14 15.91 Prisma schema loaded from prisma/schema.prisma
deploy	Build and Push Container	2025-12-13T13:06:33.6760931Z #14 15.95 prisma:warn Prisma failed to detect the libssl/openssl version to use, and may not work as expected. Defaulting to "openssl-1.1.x".
deploy	Build and Push Container	2025-12-13T13:06:33.6764325Z #14 15.95 Please manually install OpenSSL and try installing Prisma again.
deploy	Build and Push Container	2025-12-13T13:06:34.1306031Z #14 16.56 
deploy	Build and Push Container	2025-12-13T13:06:34.1307215Z #14 16.56 âœ” Generated Prisma Client (v5.22.0) to ./node_modules/@prisma/client in 247ms
deploy	Build and Push Container	2025-12-13T13:06:34.1308028Z #14 16.56 
deploy	Build and Push Container	2025-12-13T13:06:34.1308769Z #14 16.56 Start by importing your Prisma Client (See: https://pris.ly/d/importing-client)
deploy	Build and Push Container	2025-12-13T13:06:34.1309596Z #14 16.56 
deploy	Build and Push Container	2025-12-13T13:06:34.1310234Z #14 16.56 Tip: Want to turn off tips and other hints? https://pris.ly/tip-4-nohints
deploy	Build and Push Container	2025-12-13T13:06:34.1311032Z #14 16.56 
deploy	Build and Push Container	2025-12-13T13:06:34.3338394Z #14 16.76 
deploy	Build and Push Container	2025-12-13T13:06:34.3339075Z #14 16.76 added 637 packages, and audited 638 packages in 17s
deploy	Build and Push Container	2025-12-13T13:06:34.3339713Z #14 16.76 
deploy	Build and Push Container	2025-12-13T13:06:34.4872432Z #14 16.76 170 packages are looking for funding
deploy	Build and Push Container	2025-12-13T13:06:34.4873154Z #14 16.76   run `npm fund` for details
deploy	Build and Push Container	2025-12-13T13:06:34.4873662Z #14 16.76 
deploy	Build and Push Container	2025-12-13T13:06:34.4874083Z #14 16.76 found 0 vulnerabilities
deploy	Build and Push Container	2025-12-13T13:06:34.4874577Z #14 16.76 npm notice
deploy	Build and Push Container	2025-12-13T13:06:34.4875130Z #14 16.76 npm notice New major version of npm available! 10.8.2 -> 11.7.0
deploy	Build and Push Container	2025-12-13T13:06:34.4876231Z #14 16.76 npm notice Changelog: https://github.com/npm/cli/releases/tag/v11.7.0
deploy	Build and Push Container	2025-12-13T13:06:34.4877062Z #14 16.76 npm notice To update run: npm install -g npm@11.7.0
deploy	Build and Push Container	2025-12-13T13:06:34.4877639Z #14 16.76 npm notice
deploy	Build and Push Container	2025-12-13T13:06:35.7394879Z #14 DONE 18.2s
deploy	Build and Push Container	2025-12-13T13:06:38.1168417Z 
deploy	Build and Push Container	2025-12-13T13:06:38.1169145Z #15 [builder 2/4] COPY --from=deps /app/node_modules ./node_modules
deploy	Build and Push Container	2025-12-13T13:06:44.3449988Z #15 DONE 6.2s
deploy	Build and Push Container	2025-12-13T13:06:44.5345224Z 
deploy	Build and Push Container	2025-12-13T13:06:44.5346040Z #16 [builder 3/4] COPY . .
deploy	Build and Push Container	2025-12-13T13:06:44.5346619Z #16 DONE 0.0s
deploy	Build and Push Container	2025-12-13T13:06:44.5346874Z 
deploy	Build and Push Container	2025-12-13T13:06:44.5347988Z #17 [builder 4/4] RUN   if [ -f yarn.lock ]; then yarn build;   elif [ -f package-lock.json ]; then npm run build;   elif [ -f pnpm-lock.yaml ]; then corepack enable && pnpm build;   else echo "Lockfile not found." && exit 1;   fi
deploy	Build and Push Container	2025-12-13T13:06:44.8425550Z #17 0.459 
deploy	Build and Push Container	2025-12-13T13:06:44.8426298Z #17 0.459 > zone-calculator-v2@0.1.0 build
deploy	Build and Push Container	2025-12-13T13:06:44.8426851Z #17 0.459 > next build
deploy	Build and Push Container	2025-12-13T13:06:44.8427278Z #17 0.459 
deploy	Build and Push Container	2025-12-13T13:06:45.5493538Z #17 1.166    â–² Next.js 16.0.10 (Turbopack)
deploy	Build and Push Container	2025-12-13T13:06:45.7350854Z #17 1.166 
deploy	Build and Push Container	2025-12-13T13:06:45.7351272Z #17 1.201    Creating an optimized production build ...
deploy	Build and Push Container	2025-12-13T13:07:12.5378877Z #17 28.15  âœ“ Compiled successfully in 26.6s
deploy	Build and Push Container	2025-12-13T13:07:12.6997100Z #17 28.16    Running TypeScript ...
deploy	Build and Push Container	2025-12-13T13:07:21.0253665Z #17 36.64    Collecting page data using 3 workers ...
deploy	Build and Push Container	2025-12-13T13:07:21.6392574Z #17 37.26 prisma:warn Prisma failed to detect the libssl/openssl version to use, and may not work as expected. Defaulting to "openssl-1.1.x".
deploy	Build and Push Container	2025-12-13T13:07:21.6396953Z #17 37.26 Please manually install OpenSSL and try installing Prisma again.
deploy	Build and Push Container	2025-12-13T13:07:21.8018419Z #17 37.27 Error [PrismaClientInitializationError]: Unable to require(`/app/node_modules/.prisma/client/libquery_engine-linux-musl.so.node`).
deploy	Build and Push Container	2025-12-13T13:07:21.8020478Z #17 37.27 The Prisma engines do not seem to be compatible with your system. Please refer to the documentation about Prisma's system requirements: https://pris.ly/d/system-requirements
deploy	Build and Push Container	2025-12-13T13:07:21.8021865Z #17 37.27 
deploy	Build and Push Container	2025-12-13T13:07:21.8022989Z #17 37.27 Details: Error loading shared library libssl.so.1.1: No such file or directory (needed by /app/node_modules/.prisma/client/libquery_engine-linux-musl.so.node)
deploy	Build and Push Container	2025-12-13T13:07:21.8024301Z #17 37.27     at ignore-listed frames ***
deploy	Build and Push Container	2025-12-13T13:07:21.8025487Z #17 37.27   clientVersion: '5.22.0',
deploy	Build and Push Container	2025-12-13T13:07:21.8026065Z #17 37.27   errorCode: undefined
deploy	Build and Push Container	2025-12-13T13:07:21.8026596Z #17 37.27 ***
deploy	Build and Push Container	2025-12-13T13:07:21.8147431Z #17 37.43 prisma:warn Prisma failed to detect the libssl/openssl version to use, and may not work as expected. Defaulting to "openssl-1.1.x".
deploy	Build and Push Container	2025-12-13T13:07:21.8150215Z #17 37.43 Please manually install OpenSSL and try installing Prisma again.
deploy	Build and Push Container	2025-12-13T13:07:21.9933985Z #17 37.44 prisma:warn Prisma failed to detect the libssl/openssl version to use, and may not work as expected. Defaulting to "openssl-1.1.x".
deploy	Build and Push Container	2025-12-13T13:07:21.9936144Z #17 37.44 Please manually install OpenSSL and try installing Prisma again.
deploy	Build and Push Container	2025-12-13T13:07:21.9943478Z #17 37.44 Error [PrismaClientInitializationError]: Unable to require(`/app/node_modules/.prisma/client/libquery_engine-linux-musl.so.node`).
deploy	Build and Push Container	2025-12-13T13:07:21.9945528Z #17 37.44 The Prisma engines do not seem to be compatible with your system. Please refer to the documentation about Prisma's system requirements: https://pris.ly/d/system-requirements
deploy	Build and Push Container	2025-12-13T13:07:21.9946884Z #17 37.44 
deploy	Build and Push Container	2025-12-13T13:07:21.9948025Z #17 37.44 Details: Error loading shared library libssl.so.1.1: No such file or directory (needed by /app/node_modules/.prisma/client/libquery_engine-linux-musl.so.node)
deploy	Build and Push Container	2025-12-13T13:07:21.9949386Z #17 37.44     at ignore-listed frames ***
deploy	Build and Push Container	2025-12-13T13:07:21.9949991Z #17 37.44   clientVersion: '5.22.0',
deploy	Build and Push Container	2025-12-13T13:07:21.9950543Z #17 37.44   errorCode: undefined
deploy	Build and Push Container	2025-12-13T13:07:21.9951080Z #17 37.44 ***
deploy	Build and Push Container	2025-12-13T13:07:21.9952107Z #17 37.45 Error [PrismaClientInitializationError]: Unable to require(`/app/node_modules/.prisma/client/libquery_engine-linux-musl.so.node`).
deploy	Build and Push Container	2025-12-13T13:07:21.9954049Z #17 37.45 The Prisma engines do not seem to be compatible with your system. Please refer to the documentation about Prisma's system requirements: https://pris.ly/d/system-requirements
deploy	Build and Push Container	2025-12-13T13:07:21.9955579Z #17 37.45 
deploy	Build and Push Container	2025-12-13T13:07:21.9956720Z #17 37.45 Details: Error loading shared library libssl.so.1.1: No such file or directory (needed by /app/node_modules/.prisma/client/libquery_engine-linux-musl.so.node)
deploy	Build and Push Container	2025-12-13T13:07:21.9958022Z #17 37.45     at ignore-listed frames ***
deploy	Build and Push Container	2025-12-13T13:07:21.9958634Z #17 37.45   clientVersion: '5.22.0',
deploy	Build and Push Container	2025-12-13T13:07:21.9959195Z #17 37.45   errorCode: undefined
deploy	Build and Push Container	2025-12-13T13:07:21.9959712Z #17 37.45 ***
deploy	Build and Push Container	2025-12-13T13:07:21.9960250Z #17 37.46    Generating static pages using 3 workers (0/43) ...
deploy	Build and Push Container	2025-12-13T13:07:22.6592438Z #17 38.28 prisma:warn Prisma failed to detect the libssl/openssl version to use, and may not work as expected. Defaulting to "openssl-1.1.x".
deploy	Build and Push Container	2025-12-13T13:07:22.6593868Z #17 38.28 Please manually install OpenSSL and try installing Prisma again.
deploy	Build and Push Container	2025-12-13T13:07:22.7607355Z #17 38.29 Error [PrismaClientInitializationError]: Unable to require(`/app/node_modules/.prisma/client/libquery_engine-linux-musl.so.node`).
deploy	Build and Push Container	2025-12-13T13:07:22.7609436Z #17 38.29 The Prisma engines do not seem to be compatible with your system. Please refer to the documentation about Prisma's system requirements: https://pris.ly/d/system-requirements
deploy	Build and Push Container	2025-12-13T13:07:22.7611075Z #17 38.29 
deploy	Build and Push Container	2025-12-13T13:07:22.7612141Z #17 38.29 Details: Error loading shared library libssl.so.1.1: No such file or directory (needed by /app/node_modules/.prisma/client/libquery_engine-linux-musl.so.node)
deploy	Build and Push Container	2025-12-13T13:07:22.7613396Z #17 38.29     at ignore-listed frames ***
deploy	Build and Push Container	2025-12-13T13:07:22.7613994Z #17 38.29   clientVersion: '5.22.0',
deploy	Build and Push Container	2025-12-13T13:07:22.7614524Z #17 38.29   errorCode: undefined
deploy	Build and Push Container	2025-12-13T13:07:22.7615015Z #17 38.29 ***
deploy	Build and Push Container	2025-12-13T13:07:22.7615764Z #17 38.29    Generating static pages using 3 workers (10/43) 
deploy	Build and Push Container	2025-12-13T13:07:22.7616941Z #17 38.35 prisma:warn Prisma failed to detect the libssl/openssl version to use, and may not work as expected. Defaulting to "openssl-1.1.x".
deploy	Build and Push Container	2025-12-13T13:07:22.7618192Z #17 38.35 Please manually install OpenSSL and try installing Prisma again.
deploy	Build and Push Container	2025-12-13T13:07:22.7619794Z #17 38.35 Error [PrismaClientInitializationError]: Unable to require(`/app/node_modules/.prisma/client/libquery_engine-linux-musl.so.node`).
deploy	Build and Push Container	2025-12-13T13:07:22.7621780Z #17 38.35 The Prisma engines do not seem to be compatible with your system. Please refer to the documentation about Prisma's system requirements: https://pris.ly/d/system-requirements
deploy	Build and Push Container	2025-12-13T13:07:22.7623049Z #17 38.35 
deploy	Build and Push Container	2025-12-13T13:07:22.7624108Z #17 38.35 Details: Error loading shared library libssl.so.1.1: No such file or directory (needed by /app/node_modules/.prisma/client/libquery_engine-linux-musl.so.node)
deploy	Build and Push Container	2025-12-13T13:07:22.7625470Z #17 38.35     at ignore-listed frames ***
deploy	Build and Push Container	2025-12-13T13:07:22.7626022Z #17 38.35   clientVersion: '5.22.0',
deploy	Build and Push Container	2025-12-13T13:07:22.7626541Z #17 38.35   errorCode: undefined
deploy	Build and Push Container	2025-12-13T13:07:22.7627014Z #17 38.35 ***
deploy	Build and Push Container	2025-12-13T13:07:22.7627508Z #17 38.38    Generating static pages using 3 workers (21/43) 
deploy	Build and Push Container	2025-12-13T13:07:23.4824863Z #17 39.10    Generating static pages using 3 workers (32/43) 
deploy	Build and Push Container	2025-12-13T13:07:23.6277665Z #17 39.24  âœ“ Generating static pages using 3 workers (43/43) in 1784.8ms
deploy	Build and Push Container	2025-12-13T13:07:23.8002917Z #17 39.27    Finalizing page optimization ...
deploy	Build and Push Container	2025-12-13T13:07:24.1873813Z #17 39.80 
deploy	Build and Push Container	2025-12-13T13:07:24.3521756Z #17 39.81 Route (app)
deploy	Build and Push Container	2025-12-13T13:07:24.3522646Z #17 39.81 â”Œ â—‹ /
deploy	Build and Push Container	2025-12-13T13:07:24.3523183Z #17 39.81 â”œ â—‹ /_not-found
deploy	Build and Push Container	2025-12-13T13:07:24.3523800Z #17 39.81 â”œ â—‹ /achievements
deploy	Build and Push Container	2025-12-13T13:07:24.3524357Z #17 39.81 â”œ â—‹ /admin
deploy	Build and Push Container	2025-12-13T13:07:24.3524873Z #17 39.81 â”œ â—‹ /admin/settings
deploy	Build and Push Container	2025-12-13T13:07:24.3525653Z #17 39.81 â”œ â—‹ /admin/users
deploy	Build and Push Container	2025-12-13T13:07:24.3526224Z #17 39.81 â”œ Æ’ /api/admin/fix-meals
deploy	Build and Push Container	2025-12-13T13:07:24.3526792Z #17 39.81 â”œ Æ’ /api/admin/settings
deploy	Build and Push Container	2025-12-13T13:07:24.3527399Z #17 39.81 â”œ Æ’ /api/admin/users
deploy	Build and Push Container	2025-12-13T13:07:24.3527962Z #17 39.81 â”œ Æ’ /api/ai/chat
deploy	Build and Push Container	2025-12-13T13:07:24.3528569Z #17 39.81 â”œ Æ’ /api/auth/[...nextauth]
deploy	Build and Push Container	2025-12-13T13:07:24.3529162Z #17 39.81 â”œ Æ’ /api/calendar
deploy	Build and Push Container	2025-12-13T13:07:24.3529668Z #17 39.81 â”œ Æ’ /api/chef
deploy	Build and Push Container	2025-12-13T13:07:24.3530252Z #17 39.81 â”œ Æ’ /api/foods
deploy	Build and Push Container	2025-12-13T13:07:24.3530788Z #17 39.81 â”œ Æ’ /api/health
deploy	Build and Push Container	2025-12-13T13:07:24.3531350Z #17 39.81 â”œ Æ’ /api/leaderboard
deploy	Build and Push Container	2025-12-13T13:07:24.3531910Z #17 39.81 â”œ Æ’ /api/meals
deploy	Build and Push Container	2025-12-13T13:07:24.3532442Z #17 39.81 â”œ Æ’ /api/meals/ai-generate
deploy	Build and Push Container	2025-12-13T13:07:24.3532997Z #17 39.81 â”œ Æ’ /api/news
deploy	Build and Push Container	2025-12-13T13:07:24.3533530Z #17 39.81 â”œ Æ’ /api/recipe/generate
deploy	Build and Push Container	2025-12-13T13:07:24.3534112Z #17 39.81 â”œ Æ’ /api/reports
deploy	Build and Push Container	2025-12-13T13:07:24.3534637Z #17 39.81 â”œ Æ’ /api/seed
deploy	Build and Push Container	2025-12-13T13:07:24.3535207Z #17 39.81 â”œ Æ’ /api/shopping/optimize-route
deploy	Build and Push Container	2025-12-13T13:07:24.3536043Z #17 39.81 â”œ Æ’ /api/trends
deploy	Build and Push Container	2025-12-13T13:07:24.3536540Z #17 39.81 â”œ Æ’ /api/user
deploy	Build and Push Container	2025-12-13T13:07:24.3537071Z #17 39.81 â”œ Æ’ /api/user/onboarding
deploy	Build and Push Container	2025-12-13T13:07:24.3537665Z #17 39.81 â”œ Æ’ /api/user/password
deploy	Build and Push Container	2025-12-13T13:07:24.3538245Z #17 39.81 â”œ Æ’ /api/user/protein
deploy	Build and Push Container	2025-12-13T13:07:24.3538802Z #17 39.81 â”œ Æ’ /api/vision
deploy	Build and Push Container	2025-12-13T13:07:24.3539329Z #17 39.81 â”œ â—‹ /calculator
deploy	Build and Push Container	2025-12-13T13:07:24.3540219Z #17 39.81 â”œ â—‹ /calendar
deploy	Build and Push Container	2025-12-13T13:07:24.3540741Z #17 39.81 â”œ â—‹ /chef
deploy	Build and Push Container	2025-12-13T13:07:24.3541207Z #17 39.81 â”œ â—‹ /coach
deploy	Build and Push Container	2025-12-13T13:07:24.3541672Z #17 39.81 â”œ â—‹ /foods
deploy	Build and Push Container	2025-12-13T13:07:24.3542134Z #17 39.81 â”œ â—‹ /leaderboard
deploy	Build and Push Container	2025-12-13T13:07:24.3542638Z #17 39.81 â”œ â—‹ /login
deploy	Build and Push Container	2025-12-13T13:07:24.3543111Z #17 39.81 â”œ â—‹ /meals
deploy	Build and Push Container	2025-12-13T13:07:24.3543591Z #17 39.81 â”œ â—‹ /news/daily
deploy	Build and Push Container	2025-12-13T13:07:24.3544106Z #17 39.81 â”œ â—‹ /onboarding
deploy	Build and Push Container	2025-12-13T13:07:24.3544623Z #17 39.81 â”œ â—‹ /protein
deploy	Build and Push Container	2025-12-13T13:07:24.3545136Z #17 39.81 â”œ Æ’ /recipe/[id]
deploy	Build and Push Container	2025-12-13T13:07:24.3545853Z #17 39.81 â”œ â—‹ /reports
deploy	Build and Push Container	2025-12-13T13:07:24.3546387Z #17 39.81 â”œ â—‹ /settings
deploy	Build and Push Container	2025-12-13T13:07:24.3546921Z #17 39.81 â”” â—‹ /shopping-list
deploy	Build and Push Container	2025-12-13T13:07:24.3547409Z #17 39.81 
deploy	Build and Push Container	2025-12-13T13:07:24.3547797Z #17 39.81 
deploy	Build and Push Container	2025-12-13T13:07:24.3548300Z #17 39.81 Æ’ Proxy (Middleware)
deploy	Build and Push Container	2025-12-13T13:07:24.3548792Z #17 39.81 
deploy	Build and Push Container	2025-12-13T13:07:24.3549375Z #17 39.81 â—‹  (Static)   prerendered as static content
deploy	Build and Push Container	2025-12-13T13:07:24.3550123Z #17 39.81 Æ’  (Dynamic)  server-rendered on demand
deploy	Build and Push Container	2025-12-13T13:07:24.3551029Z #17 39.81 
deploy	Build and Push Container	2025-12-13T13:07:24.3551435Z #17 39.84 npm notice
deploy	Build and Push Container	2025-12-13T13:07:24.3552039Z #17 39.84 npm notice New major version of npm available! 10.8.2 -> 11.7.0
deploy	Build and Push Container	2025-12-13T13:07:24.3552971Z #17 39.84 npm notice Changelog: https://github.com/npm/cli/releases/tag/v11.7.0
deploy	Build and Push Container	2025-12-13T13:07:24.3553831Z #17 39.84 npm notice To update run: npm install -g npm@11.7.0
deploy	Build and Push Container	2025-12-13T13:07:24.3554453Z #17 39.84 npm notice
deploy	Build and Push Container	2025-12-13T13:07:24.3554891Z #17 DONE 40.0s
deploy	Build and Push Container	2025-12-13T13:07:25.0388493Z 
deploy	Build and Push Container	2025-12-13T13:07:25.0390145Z #18 [runner 4/6] COPY --from=builder /app/public ./public
deploy	Build and Push Container	2025-12-13T13:07:25.2086464Z #18 DONE 0.0s
deploy	Build and Push Container	2025-12-13T13:07:25.3423590Z 
deploy	Build and Push Container	2025-12-13T13:07:25.3424470Z #19 [runner 5/6] COPY --from=builder --chown=nextjs:nodejs /app/.next/standalone ./
deploy	Build and Push Container	2025-12-13T13:07:25.9070856Z #19 DONE 0.6s
deploy	Build and Push Container	2025-12-13T13:07:26.0847498Z 
deploy	Build and Push Container	2025-12-13T13:07:26.0853681Z #20 [runner 6/6] COPY --from=builder --chown=nextjs:nodejs /app/.next/static ./.next/static
deploy	Build and Push Container	2025-12-13T13:07:26.0854581Z #20 DONE 0.0s
deploy	Build and Push Container	2025-12-13T13:07:26.0854846Z 
deploy	Build and Push Container	2025-12-13T13:07:26.0855034Z #21 exporting to image
deploy	Build and Push Container	2025-12-13T13:07:26.0855681Z #21 exporting layers
deploy	Build and Push Container	2025-12-13T13:07:26.8232538Z #21 exporting layers 0.9s done
deploy	Build and Push Container	2025-12-13T13:07:26.8589216Z #21 writing image sha256:f8fee96cf549b9376b98d4f3d4267f9e073eed46643477d6ed7bc49f8153ad2e done
deploy	Build and Push Container	2025-12-13T13:07:26.8591212Z #21 naming to europe-west1-docker.pkg.dev/***/zone-calculator-repo/zone-calculator-pro:bb2e77c5d6541ae59b9bd7b4154567a4627de817 done
deploy	Build and Push Container	2025-12-13T13:07:26.8592365Z #21 DONE 0.9s
deploy	Build and Push Container	2025-12-13T13:07:26.8609735Z 
deploy	Build and Push Container	2025-12-13T13:07:26.8610584Z  [33m5 warnings found (use docker --debug to expand):
deploy	Build and Push Container	2025-12-13T13:07:26.8611821Z [0m - LegacyKeyValueFormat: "ENV key=value" should be used instead of legacy "ENV key value" format (line 45)
deploy	Build and Push Container	2025-12-13T13:07:26.8613303Z  - LegacyKeyValueFormat: "ENV key=value" should be used instead of legacy "ENV key value" format (line 62)
deploy	Build and Push Container	2025-12-13T13:07:26.8614583Z  - LegacyKeyValueFormat: "ENV key=value" should be used instead of legacy "ENV key value" format (line 64)
deploy	Build and Push Container	2025-12-13T13:07:26.8616103Z  - LegacyKeyValueFormat: "ENV key=value" should be used instead of legacy "ENV key value" format (line 29)
deploy	Build and Push Container	2025-12-13T13:07:26.8617296Z  - LegacyKeyValueFormat: "ENV key=value" should be used instead of legacy "ENV key value" format (line 43)
deploy	Build and Push Container	2025-12-13T13:07:27.4409575Z The push refers to repository [europe-west1-docker.pkg.dev/***/zone-calculator-repo/zone-calculator-pro]
deploy	Build and Push Container	2025-12-13T13:07:28.1404163Z 709aa326e3e9: Preparing
deploy	Build and Push Container	2025-12-13T13:07:28.1405192Z c2963287e7ab: Preparing
deploy	Build and Push Container	2025-12-13T13:07:28.1405890Z 6410deec3cbe: Preparing
deploy	Build and Push Container	2025-12-13T13:07:28.1406366Z af7506476e00: Preparing
deploy	Build and Push Container	2025-12-13T13:07:28.1406833Z 3c1cf7f1010b: Preparing
deploy	Build and Push Container	2025-12-13T13:07:28.1407283Z 611c73cd0331: Preparing
deploy	Build and Push Container	2025-12-13T13:07:28.1407740Z c6b6d11f000e: Preparing
deploy	Build and Push Container	2025-12-13T13:07:28.1408143Z 61b83bf0de98: Preparing
deploy	Build and Push Container	2025-12-13T13:07:28.1416869Z 614db0c0a156: Preparing
deploy	Build and Push Container	2025-12-13T13:07:28.1417216Z 5aa68bbbc67e: Preparing
deploy	Build and Push Container	2025-12-13T13:07:28.1417753Z 611c73cd0331: Waiting
deploy	Build and Push Container	2025-12-13T13:07:28.1418035Z 61b83bf0de98: Waiting
deploy	Build and Push Container	2025-12-13T13:07:28.1418293Z 614db0c0a156: Waiting
deploy	Build and Push Container	2025-12-13T13:07:28.1418546Z c6b6d11f000e: Waiting
deploy	Build and Push Container	2025-12-13T13:07:28.1418798Z 5aa68bbbc67e: Waiting
deploy	Build and Push Container	2025-12-13T13:07:32.6942196Z 6410deec3cbe: Pushed
deploy	Build and Push Container	2025-12-13T13:07:32.7989410Z 3c1cf7f1010b: Pushed
deploy	Build and Push Container	2025-12-13T13:07:33.0482383Z af7506476e00: Pushed
deploy	Build and Push Container	2025-12-13T13:07:35.6262695Z c2963287e7ab: Pushed
deploy	Build and Push Container	2025-12-13T13:07:36.0164571Z 611c73cd0331: Pushed
deploy	Build and Push Container	2025-12-13T13:07:36.8602657Z c6b6d11f000e: Pushed
deploy	Build and Push Container	2025-12-13T13:07:37.7268543Z 61b83bf0de98: Pushed
deploy	Build and Push Container	2025-12-13T13:07:40.7251944Z 5aa68bbbc67e: Pushed
deploy	Build and Push Container	2025-12-13T13:07:42.6615735Z 614db0c0a156: Pushed
deploy	Build and Push Container	2025-12-13T13:07:44.5795692Z 709aa326e3e9: Pushed
deploy	Build and Push Container	2025-12-13T13:07:49.7101507Z bb2e77c5d6541ae59b9bd7b4154567a4627de817: digest: sha256:a2e7cca3eb425809e73b823eb5d5eb2e6da3a74f9670cf0985c5b277df16183d size: 2407
deploy	Build and Push Container	2025-12-13T13:07:50.2506017Z The push refers to repository [europe-west1-docker.pkg.dev/***/zone-calculator-repo/zone-calculator-pro]
deploy	Build and Push Container	2025-12-13T13:07:50.9369737Z 709aa326e3e9: Preparing
deploy	Build and Push Container	2025-12-13T13:07:50.9370278Z c2963287e7ab: Preparing
deploy	Build and Push Container	2025-12-13T13:07:50.9370752Z 6410deec3cbe: Preparing
deploy	Build and Push Container	2025-12-13T13:07:50.9371210Z af7506476e00: Preparing
deploy	Build and Push Container	2025-12-13T13:07:50.9371679Z 3c1cf7f1010b: Preparing
deploy	Build and Push Container	2025-12-13T13:07:50.9372147Z 611c73cd0331: Preparing
deploy	Build and Push Container	2025-12-13T13:07:50.9372613Z c6b6d11f000e: Preparing
deploy	Build and Push Container	2025-12-13T13:07:50.9373074Z 61b83bf0de98: Preparing
deploy	Build and Push Container	2025-12-13T13:07:50.9373399Z 614db0c0a156: Preparing
deploy	Build and Push Container	2025-12-13T13:07:50.9373675Z 5aa68bbbc67e: Preparing
deploy	Build and Push Container	2025-12-13T13:07:50.9373956Z 61b83bf0de98: Waiting
deploy	Build and Push Container	2025-12-13T13:07:50.9374409Z 614db0c0a156: Waiting
deploy	Build and Push Container	2025-12-13T13:07:50.9374689Z 5aa68bbbc67e: Waiting
deploy	Build and Push Container	2025-12-13T13:07:50.9375058Z 611c73cd0331: Waiting
deploy	Build and Push Container	2025-12-13T13:07:50.9375572Z c6b6d11f000e: Waiting
deploy	Build and Push Container	2025-12-13T13:07:52.3688257Z 709aa326e3e9: Layer already exists
deploy	Build and Push Container	2025-12-13T13:07:52.3776497Z 6410deec3cbe: Layer already exists
deploy	Build and Push Container	2025-12-13T13:07:52.3869069Z c2963287e7ab: Layer already exists
deploy	Build and Push Container	2025-12-13T13:07:52.3900452Z 3c1cf7f1010b: Layer already exists
deploy	Build and Push Container	2025-12-13T13:07:52.3934962Z af7506476e00: Layer already exists
deploy	Build and Push Container	2025-12-13T13:07:53.0804809Z 611c73cd0331: Layer already exists
deploy	Build and Push Container	2025-12-13T13:07:53.1017037Z 61b83bf0de98: Layer already exists
deploy	Build and Push Container	2025-12-13T13:07:53.1054210Z c6b6d11f000e: Layer already exists
deploy	Build and Push Container	2025-12-13T13:07:53.1167267Z 614db0c0a156: Layer already exists
deploy	Build and Push Container	2025-12-13T13:07:53.1405784Z 5aa68bbbc67e: Layer already exists
deploy	Build and Push Container	2025-12-13T13:07:54.1505921Z latest: digest: sha256:a2e7cca3eb425809e73b823eb5d5eb2e6da3a74f9670cf0985c5b277df16183d size: 2407
deploy	Deploy to Cloud Run	ï»¿2025-12-13T13:07:54.1609109Z ##[group]Run google-github-actions/deploy-cloudrun@v1
deploy	Deploy to Cloud Run	2025-12-13T13:07:54.1609502Z with:
deploy	Deploy to Cloud Run	2025-12-13T13:07:54.1609761Z   service: zone-calculator-pro
deploy	Deploy to Cloud Run	2025-12-13T13:07:54.1610062Z   region: europe-west1
deploy	Deploy to Cloud Run	2025-12-13T13:07:54.1610716Z   image: europe-west1-docker.pkg.dev/***/zone-calculator-repo/zone-calculator-pro:bb2e77c5d6541ae59b9bd7b4154567a4627de817
deploy	Deploy to Cloud Run	2025-12-13T13:07:54.1612433Z   env_vars: NODE_ENV=production
deploy	Deploy to Cloud Run	DATABASE_URL=***localhost/zonecalculator?socket=/cloudsql/***:europe-west1:zone-calc-db
deploy	Deploy to Cloud Run	NEXTAUTH_SECRET=***
deploy	Deploy to Cloud Run	NEXTAUTH_URL=***
deploy	Deploy to Cloud Run	GEMINI_API_KEY=***
deploy	Deploy to Cloud Run	
deploy	Deploy to Cloud Run	2025-12-13T13:07:54.1613344Z   flags: --add-cloudsql-instances=***:europe-west1:zone-calc-db
deploy	Deploy to Cloud Run	2025-12-13T13:07:54.1613739Z   skip_default_labels: false
deploy	Deploy to Cloud Run	2025-12-13T13:07:54.1614019Z   no_traffic: false
deploy	Deploy to Cloud Run	2025-12-13T13:07:54.1614264Z env:
deploy	Deploy to Cloud Run	2025-12-13T13:07:54.1614528Z   PROJECT_ID: ***
deploy	Deploy to Cloud Run	2025-12-13T13:07:54.1614780Z   REGION: europe-west1
deploy	Deploy to Cloud Run	2025-12-13T13:07:54.1615056Z   SERVICE_NAME: zone-calculator-pro
deploy	Deploy to Cloud Run	2025-12-13T13:07:54.1615511Z   REPO_NAME: zone-calculator-repo
deploy	Deploy to Cloud Run	2025-12-13T13:07:54.1616128Z   CLOUDSDK_AUTH_CREDENTIAL_FILE_OVERRIDE: /home/runner/work/zoneCalculator/zoneCalculator/gha-creds-d2bedfd9c437a7d8.json
deploy	Deploy to Cloud Run	2025-12-13T13:07:54.1616968Z   GOOGLE_APPLICATION_CREDENTIALS: /home/runner/work/zoneCalculator/zoneCalculator/gha-creds-d2bedfd9c437a7d8.json
deploy	Deploy to Cloud Run	2025-12-13T13:07:54.1617746Z   GOOGLE_GHA_CREDS_PATH: /home/runner/work/zoneCalculator/zoneCalculator/gha-creds-d2bedfd9c437a7d8.json
deploy	Deploy to Cloud Run	2025-12-13T13:07:54.1618316Z   CLOUDSDK_CORE_PROJECT: ***
deploy	Deploy to Cloud Run	2025-12-13T13:07:54.1618649Z   CLOUDSDK_PROJECT: ***
deploy	Deploy to Cloud Run	2025-12-13T13:07:54.1618947Z   GCLOUD_PROJECT: ***
deploy	Deploy to Cloud Run	2025-12-13T13:07:54.1619229Z   GCP_PROJECT: ***
deploy	Deploy to Cloud Run	2025-12-13T13:07:54.1619525Z   GOOGLE_CLOUD_PROJECT: ***
deploy	Deploy to Cloud Run	2025-12-13T13:07:54.1619873Z   CLOUDSDK_METRICS_ENVIRONMENT: github-actions-setup-gcloud
deploy	Deploy to Cloud Run	2025-12-13T13:07:54.1620278Z   CLOUDSDK_METRICS_ENVIRONMENT_VERSION: 1.1.1
deploy	Deploy to Cloud Run	2025-12-13T13:07:54.1620590Z ##[endgroup]
deploy	Deploy to Cloud Run	2025-12-13T13:07:54.9591255Z Successfully authenticated
deploy	Deploy to Cloud Run	2025-12-13T13:07:54.9596461Z Running: gcloud run deploy zone-calculator-pro --quiet --image europe-west1-docker.pkg.dev/***/zone-calculator-repo/zone-calculator-pro:bb2e77c5d6541ae59b9bd7b4154567a4627de817 --update-env-vars NODE_ENV=production,DATABASE_URL=***localhost/zonecalculator?socket=/cloudsql/***:europe-west1:zone-calc-db,NEXTAUTH_SECRET=***,NEXTAUTH_URL=***,GEMINI_API_KEY=*** --update-labels managed-by=github-actions,commit-sha=bb2e77c5d6541ae59b9bd7b4154567a4627de817 --platform managed --format json --region europe-west1 --add-cloudsql-instances ***:europe-west1:zone-calc-db
deploy	Post Authenticate to Google Cloud	ï»¿2025-12-13T13:08:12.9198944Z Post job cleanup.
deploy	Post Authenticate to Google Cloud	2025-12-13T13:08:12.9987684Z Removed exported credentials at "/home/runner/work/zoneCalculator/zoneCalculator/gha-creds-d2bedfd9c437a7d8.json".
deploy	Post Run actions/checkout@v4	ï»¿2025-12-13T13:08:13.0078910Z Post job cleanup.
deploy	Post Run actions/checkout@v4	2025-12-13T13:08:13.1002809Z [command]/usr/bin/git version
deploy	Post Run actions/checkout@v4	2025-12-13T13:08:13.1038455Z git version 2.52.0
deploy	Post Run actions/checkout@v4	2025-12-13T13:08:13.1082010Z Temporarily overriding HOME='/home/runner/work/_temp/bc20ad3e-755f-4b93-a95e-e03fbc95ef23' before making global git config changes
deploy	Post Run actions/checkout@v4	2025-12-13T13:08:13.1083430Z Adding repository directory to the temporary git global config as a safe directory
deploy	Post Run actions/checkout@v4	2025-12-13T13:08:13.1088921Z [command]/usr/bin/git config --global --add safe.directory /home/runner/work/zoneCalculator/zoneCalculator
deploy	Post Run actions/checkout@v4	2025-12-13T13:08:13.1124195Z [command]/usr/bin/git config --local --name-only --get-regexp core\.sshCommand
deploy	Post Run actions/checkout@v4	2025-12-13T13:08:13.1156679Z [command]/usr/bin/git submodule foreach --recursive sh -c "git config --local --name-only --get-regexp 'core\.sshCommand' && git config --local --unset-all 'core.sshCommand' || :"
deploy	Post Run actions/checkout@v4	2025-12-13T13:08:13.1382619Z [command]/usr/bin/git config --local --name-only --get-regexp http\.https\:\/\/github\.com\/\.extraheader
deploy	Post Run actions/checkout@v4	2025-12-13T13:08:13.1402816Z http.https://github.com/.extraheader
deploy	Post Run actions/checkout@v4	2025-12-13T13:08:13.1415656Z [command]/usr/bin/git config --local --unset-all http.https://github.com/.extraheader
deploy	Post Run actions/checkout@v4	2025-12-13T13:08:13.1446617Z [command]/usr/bin/git submodule foreach --recursive sh -c "git config --local --name-only --get-regexp 'http\.https\:\/\/github\.com\/\.extraheader' && git config --local --unset-all 'http.https://github.com/.extraheader' || :"
deploy	Post Run actions/checkout@v4	2025-12-13T13:08:13.1662264Z [command]/usr/bin/git config --local --name-only --get-regexp ^includeIf\.gitdir:
deploy	Post Run actions/checkout@v4	2025-12-13T13:08:13.1693009Z [command]/usr/bin/git submodule foreach --recursive git config --local --show-origin --name-only --get-regexp remote.origin.url
deploy	Complete job	ï»¿2025-12-13T13:08:13.2016350Z Cleaning up orphan processes
